192.168.0.1 - - [15/Jun/2019:02:26:51 +0900] "POST /Codi/bringBoard.jsp HTTP/1.1" 200 1068
192.168.0.1 - - [15/Jun/2019:02:26:51 +0900] "POST /Codi/bringBoard.jsp HTTP/1.1" 200 729
192.168.0.1 - - [15/Jun/2019:02:26:51 +0900] "POST /Codi/bringBoard.jsp HTTP/1.1" 200 557
192.168.0.1 - - [15/Jun/2019:02:26:51 +0900] "POST /Codi/LikeButtonCheck.jsp HTTP/1.1" 200 16
192.168.0.1 - - [15/Jun/2019:02:26:51 +0900] "POST /Codi/LikeButtonCheck.jsp HTTP/1.1" 200 17
192.168.0.1 - - [15/Jun/2019:02:26:51 +0900] "POST /Codi/LikeButtonCheck.jsp HTTP/1.1" 200 17
192.168.0.1 - - [15/Jun/2019:02:26:51 +0900] "POST /Codi/LikeButtonCheck.jsp HTTP/1.1" 200 17
192.168.0.1 - - [15/Jun/2019:02:26:51 +0900] "POST /Codi/LikeButtonCheck.jsp HTTP/1.1" 200 16
192.168.0.1 - - [15/Jun/2019:02:26:51 +0900] "POST /Codi/LikeButtonCheck.jsp HTTP/1.1" 200 17
192.168.0.1 - - [15/Jun/2019:02:26:51 +0900] "POST /Codi/LikeButtonCheck.jsp HTTP/1.1" 200 17
192.168.0.1 - - [15/Jun/2019:02:26:52 +0900] "GET //Codi/image/self/Codi_ad_20190613194418.png HTTP/1.1" 200 1488689
192.168.0.1 - - [15/Jun/2019:02:26:56 +0900] "POST /Codi/bringBoard.jsp HTTP/1.1" 200 729
192.168.0.1 - - [15/Jun/2019:02:26:56 +0900] "POST /Codi/bringBoard.jsp HTTP/1.1" 200 1068
192.168.0.1 - - [15/Jun/2019:02:26:56 +0900] "POST /Codi/bringBoard.jsp HTTP/1.1" 200 729
192.168.0.1 - - [15/Jun/2019:02:26:56 +0900] "POST /Codi/bringBoard.jsp HTTP/1.1" 200 557
192.168.0.1 - - [15/Jun/2019:02:26:56 +0900] "POST /Codi/LikeButtonCheck.jsp HTTP/1.1" 200 16
192.168.0.1 - - [15/Jun/2019:02:26:56 +0900] "POST /Codi/LikeButtonCheck.jsp HTTP/1.1" 200 17
192.168.0.1 - - [15/Jun/2019:02:26:56 +0900] "POST /Codi/LikeButtonCheck.jsp HTTP/1.1" 200 17
192.168.0.1 - - [15/Jun/2019:02:26:56 +0900] "POST /Codi/LikeButtonCheck.jsp HTTP/1.1" 200 17
192.168.0.1 - - [15/Jun/2019:02:26:56 +0900] "POST /Codi/LikeButtonCheck.jsp HTTP/1.1" 200 16
192.168.0.1 - - [15/Jun/2019:02:26:56 +0900] "POST /Codi/LikeButtonCheck.jsp HTTP/1.1" 200 17
192.168.0.1 - - [15/Jun/2019:02:26:56 +0900] "POST /Codi/LikeButtonCheck.jsp HTTP/1.1" 200 17
192.168.0.1 - - [15/Jun/2019:02:26:59 +0900] "POST /Codi/bringBoard.jsp HTTP/1.1" 200 1068
192.168.0.1 - - [15/Jun/2019:02:26:59 +0900] "POST /Codi/LikeButtonCheck.jsp HTTP/1.1" 200 17
192.168.0.1 - - [15/Jun/2019:02:26:59 +0900] "POST /Codi/LikeButtonCheck.jsp HTTP/1.1" 200 16
192.168.0.1 - - [15/Jun/2019:02:26:59 +0900] "POST /Codi/LikeButtonCheck.jsp HTTP/1.1" 200 17
192.168.0.1 - - [15/Jun/2019:02:26:59 +0900] "POST /Codi/LikeButtonCheck.jsp HTTP/1.1" 200 17
192.168.0.1 - - [15/Jun/2019:02:27:00 +0900] "POST /Codi/bringBoard.jsp HTTP/1.1" 200 557
192.168.0.1 - - [15/Jun/2019:02:27:00 +0900] "POST /Codi/LikeButtonCheck.jsp HTTP/1.1" 200 16
192.168.0.1 - - [15/Jun/2019:02:27:00 +0900] "POST /Codi/LikeButtonCheck.jsp HTTP/1.1" 200 17
192.168.0.1 - - [15/Jun/2019:02:27:00 +0900] "POST /Codi/LikeButtonCheck.jsp HTTP/1.1" 200 17
192.168.0.1 - - [15/Jun/2019:02:27:33 +0900] "POST /Codi/imagetest.jsp HTTP/1.1" 500 2498
192.168.0.1 - - [15/Jun/2019:02:27:33 +0900] "POST /Codi/bringBoard.jsp HTTP/1.1" 200 729
192.168.0.1 - - [15/Jun/2019:02:27:33 +0900] "POST /Codi/bringBoard.jsp HTTP/1.1" 200 1068
192.168.0.1 - - [15/Jun/2019:02:27:33 +0900] "POST /Codi/bringBoard.jsp HTTP/1.1" 200 729
192.168.0.1 - - [15/Jun/2019:02:27:33 +0900] "POST /Codi/bringBoard.jsp HTTP/1.1" 200 557
192.168.0.1 - - [15/Jun/2019:02:27:33 +0900] "POST /Codi/LikeButtonCheck.jsp HTTP/1.1" 200 16
192.168.0.1 - - [15/Jun/2019:02:27:33 +0900] "POST /Codi/LikeButtonCheck.jsp HTTP/1.1" 200 17
192.168.0.1 - - [15/Jun/2019:02:27:33 +0900] "POST /Codi/LikeButtonCheck.jsp HTTP/1.1" 200 16
192.168.0.1 - - [15/Jun/2019:02:27:33 +0900] "POST /Codi/LikeButtonCheck.jsp HTTP/1.1" 200 17
192.168.0.1 - - [15/Jun/2019:02:27:33 +0900] "POST /Codi/LikeButtonCheck.jsp HTTP/1.1" 200 17
192.168.0.1 - - [15/Jun/2019:02:27:34 +0900] "POST /Codi/LikeButtonCheck.jsp HTTP/1.1" 200 17
192.168.0.1 - - [15/Jun/2019:02:27:34 +0900] "POST /Codi/LikeButtonCheck.jsp HTTP/1.1" 200 17
192.168.0.1 - - [15/Jun/2019:02:27:36 +0900] "POST /Codi/bringBoard.jsp HTTP/1.1" 200 1068
192.168.0.1 - - [15/Jun/2019:02:27:36 +0900] "POST /Codi/LikeButtonCheck.jsp HTTP/1.1" 200 17
192.168.0.1 - - [15/Jun/2019:02:27:36 +0900] "POST /Codi/LikeButtonCheck.jsp HTTP/1.1" 200 16
192.168.0.1 - - [15/Jun/2019:02:27:36 +0900] "POST /Codi/LikeButtonCheck.jsp HTTP/1.1" 200 17
192.168.0.1 - - [15/Jun/2019:02:27:36 +0900] "POST /Codi/LikeButtonCheck.jsp HTTP/1.1" 200 17
192.168.0.1 - - [15/Jun/2019:02:27:37 +0900] "POST /Codi/bringBoard.jsp HTTP/1.1" 200 557
192.168.0.1 - - [15/Jun/2019:02:27:37 +0900] "POST /Codi/LikeButtonCheck.jsp HTTP/1.1" 200 16
192.168.0.1 - - [15/Jun/2019:02:27:37 +0900] "POST /Codi/LikeButtonCheck.jsp HTTP/1.1" 200 17
192.168.0.1 - - [15/Jun/2019:02:27:37 +0900] "POST /Codi/LikeButtonCheck.jsp HTTP/1.1" 200 17
192.168.0.1 - - [15/Jun/2019:02:27:39 +0900] "POST /Codi/bringBoard.jsp HTTP/1.1" 200 1068
192.168.0.1 - - [15/Jun/2019:02:27:39 +0900] "POST /Codi/LikeButtonCheck.jsp HTTP/1.1" 200 17
192.168.0.1 - - [15/Jun/2019:02:27:39 +0900] "POST /Codi/LikeButtonCheck.jsp HTTP/1.1" 200 16
192.168.0.1 - - [15/Jun/2019:02:27:39 +0900] "POST /Codi/LikeButtonCheck.jsp HTTP/1.1" 200 17
192.168.0.1 - - [15/Jun/2019:02:27:39 +0900] "POST /Codi/LikeButtonCheck.jsp HTTP/1.1" 200 17
192.168.0.1 - - [15/Jun/2019:02:27:40 +0900] "POST /Codi/LikeButtonCheck.jsp HTTP/1.1" 200 17
192.168.0.1 - - [15/Jun/2019:02:27:40 +0900] "POST /Codi/LikeButtonCheck.jsp HTTP/1.1" 200 17
192.168.0.1 - - [15/Jun/2019:02:27:42 +0900] "POST /Codi/bringBoard.jsp HTTP/1.1" 200 557
192.168.0.1 - - [15/Jun/2019:02:27:42 +0900] "POST /Codi/LikeButtonCheck.jsp HTTP/1.1" 200 16
192.168.0.1 - - [15/Jun/2019:02:27:42 +0900] "POST /Codi/LikeButtonCheck.jsp HTTP/1.1" 200 17
192.168.0.1 - - [15/Jun/2019:02:27:42 +0900] "POST /Codi/LikeButtonCheck.jsp HTTP/1.1" 200 17
192.168.0.1 - - [15/Jun/2019:02:27:44 +0900] "POST /Codi/bringBoard.jsp HTTP/1.1" 200 1068
192.168.0.1 - - [15/Jun/2019:02:27:44 +0900] "POST /Codi/bringBoard.jsp HTTP/1.1" 200 729
192.168.0.1 - - [15/Jun/2019:02:27:44 +0900] "POST /Codi/LikeButtonCheck.jsp HTTP/1.1" 200 17
192.168.0.1 - - [15/Jun/2019:02:27:44 +0900] "POST /Codi/LikeButtonCheck.jsp HTTP/1.1" 200 16
192.168.0.1 - - [15/Jun/2019:02:27:44 +0900] "POST /Codi/LikeButtonCheck.jsp HTTP/1.1" 200 17
192.168.0.1 - - [15/Jun/2019:02:27:44 +0900] "POST /Codi/LikeButtonCheck.jsp HTTP/1.1" 200 17
192.168.0.1 - - [15/Jun/2019:02:27:45 +0900] "POST /Codi/LikeButtonCheck.jsp HTTP/1.1" 200 16
192.168.0.1 - - [15/Jun/2019:02:27:45 +0900] "POST /Codi/LikeButtonCheck.jsp HTTP/1.1" 200 17
192.168.0.1 - - [15/Jun/2019:02:27:45 +0900] "POST /Codi/LikeButtonCheck.jsp HTTP/1.1" 200 17
192.168.0.1 - - [15/Jun/2019:02:27:45 +0900] "POST /Codi/LikeButtonCheck.jsp HTTP/1.1" 200 17
192.168.0.1 - - [15/Jun/2019:02:27:46 +0900] "POST /Codi/bringBoard.jsp HTTP/1.1" 200 557
192.168.0.1 - - [15/Jun/2019:02:27:46 +0900] "POST /Codi/LikeButtonCheck.jsp HTTP/1.1" 200 16
192.168.0.1 - - [15/Jun/2019:02:27:46 +0900] "POST /Codi/LikeButtonCheck.jsp HTTP/1.1" 200 17
192.168.0.1 - - [15/Jun/2019:02:27:46 +0900] "POST /Codi/LikeButtonCheck.jsp HTTP/1.1" 200 17
192.168.0.1 - - [15/Jun/2019:02:28:10 +0900] "POST /Codi/imagetest.jsp HTTP/1.1" 500 2498
192.168.0.1 - - [15/Jun/2019:02:28:10 +0900] "POST /Codi/bringBoard.jsp HTTP/1.1" 200 729
192.168.0.1 - - [15/Jun/2019:02:28:10 +0900] "POST /Codi/bringBoard.jsp HTTP/1.1" 200 1068
192.168.0.1 - - [15/Jun/2019:02:28:10 +0900] "POST /Codi/bringBoard.jsp HTTP/1.1" 200 729
192.168.0.1 - - [15/Jun/2019:02:28:10 +0900] "POST /Codi/bringBoard.jsp HTTP/1.1" 200 1068
192.168.0.1 - - [15/Jun/2019:02:28:10 +0900] "POST /Codi/bringBoard.jsp HTTP/1.1" 200 557
192.168.0.1 - - [15/Jun/2019:02:28:10 +0900] "POST /Codi/bringBoard.jsp HTTP/1.1" 200 729
192.168.0.1 - - [15/Jun/2019:02:28:10 +0900] "POST /Codi/bringBoard.jsp HTTP/1.1" 200 557
192.168.0.1 - - [15/Jun/2019:02:28:11 +0900] "POST /Codi/LikeButtonCheck.jsp HTTP/1.1" 200 16
192.168.0.1 - - [15/Jun/2019:02:28:11 +0900] "POST /Codi/LikeButtonCheck.jsp HTTP/1.1" 200 17
192.168.0.1 - - [15/Jun/2019:02:28:11 +0900] "POST /Codi/LikeButtonCheck.jsp HTTP/1.1" 200 17
192.168.0.1 - - [15/Jun/2019:02:28:11 +0900] "POST /Codi/LikeButtonCheck.jsp HTTP/1.1" 200 17
192.168.0.1 - - [15/Jun/2019:02:28:11 +0900] "POST /Codi/LikeButtonCheck.jsp HTTP/1.1" 200 16
192.168.0.1 - - [15/Jun/2019:02:28:11 +0900] "POST /Codi/LikeButtonCheck.jsp HTTP/1.1" 200 17
192.168.0.1 - - [15/Jun/2019:02:28:11 +0900] "POST /Codi/LikeButtonCheck.jsp HTTP/1.1" 200 17
192.168.0.1 - - [15/Jun/2019:02:28:14 +0900] "POST /Codi/bringBoard.jsp HTTP/1.1" 200 1068
192.168.0.1 - - [15/Jun/2019:02:28:14 +0900] "POST /Codi/bringBoard.jsp HTTP/1.1" 200 729
192.168.0.1 - - [15/Jun/2019:02:28:14 +0900] "POST /Codi/LikeButtonCheck.jsp HTTP/1.1" 200 17
192.168.0.1 - - [15/Jun/2019:02:28:14 +0900] "POST /Codi/LikeButtonCheck.jsp HTTP/1.1" 200 16
192.168.0.1 - - [15/Jun/2019:02:28:14 +0900] "POST /Codi/LikeButtonCheck.jsp HTTP/1.1" 200 17
192.168.0.1 - - [15/Jun/2019:02:28:14 +0900] "POST /Codi/LikeButtonCheck.jsp HTTP/1.1" 200 17
192.168.0.1 - - [15/Jun/2019:02:28:14 +0900] "POST /Codi/LikeButtonCheck.jsp HTTP/1.1" 200 16
192.168.0.1 - - [15/Jun/2019:02:28:14 +0900] "POST /Codi/LikeButtonCheck.jsp HTTP/1.1" 200 17
192.168.0.1 - - [15/Jun/2019:02:28:14 +0900] "POST /Codi/LikeButtonCheck.jsp HTTP/1.1" 200 17
192.168.0.1 - - [15/Jun/2019:02:28:14 +0900] "POST /Codi/LikeButtonCheck.jsp HTTP/1.1" 200 17
192.168.0.1 - - [15/Jun/2019:02:28:15 +0900] "POST /Codi/LikeButtonCheck.jsp HTTP/1.1" 200 17
192.168.0.1 - - [15/Jun/2019:02:28:15 +0900] "POST /Codi/LikeButtonCheck.jsp HTTP/1.1" 200 17
192.168.0.1 - - [15/Jun/2019:02:28:17 +0900] "POST /Codi/bringBoard.jsp HTTP/1.1" 200 557
192.168.0.1 - - [15/Jun/2019:02:28:17 +0900] "POST /Codi/LikeButtonCheck.jsp HTTP/1.1" 200 16
192.168.0.1 - - [15/Jun/2019:02:28:17 +0900] "POST /Codi/LikeButtonCheck.jsp HTTP/1.1" 200 17
192.168.0.1 - - [15/Jun/2019:02:28:17 +0900] "POST /Codi/LikeButtonCheck.jsp HTTP/1.1" 200 17
192.168.0.1 - - [15/Jun/2019:02:28:21 +0900] "POST /Codi/LikeFlag.jsp HTTP/1.1" 200 15
192.168.0.1 - - [15/Jun/2019:02:28:21 +0900] "POST /Codi/LikeButtonCheck.jsp HTTP/1.1" 200 16
192.168.0.1 - - [15/Jun/2019:02:28:22 +0900] "POST /Codi/bringBoard.jsp HTTP/1.1" 200 1068
192.168.0.1 - - [15/Jun/2019:02:28:22 +0900] "POST /Codi/LikeButtonCheck.jsp HTTP/1.1" 200 17
192.168.0.1 - - [15/Jun/2019:02:28:23 +0900] "POST /Codi/LikeButtonCheck.jsp HTTP/1.1" 200 16
192.168.0.1 - - [15/Jun/2019:02:28:23 +0900] "POST /Codi/LikeButtonCheck.jsp HTTP/1.1" 200 17
192.168.0.1 - - [15/Jun/2019:02:28:23 +0900] "POST /Codi/LikeButtonCheck.jsp HTTP/1.1" 200 17
192.168.0.1 - - [15/Jun/2019:02:28:26 +0900] "POST /Codi/bringBoard.jsp HTTP/1.1" 200 557
192.168.0.1 - - [15/Jun/2019:02:28:26 +0900] "POST /Codi/LikeButtonCheck.jsp HTTP/1.1" 200 16
192.168.0.1 - - [15/Jun/2019:02:28:26 +0900] "POST /Codi/LikeButtonCheck.jsp HTTP/1.1" 200 16
192.168.0.1 - - [15/Jun/2019:02:28:26 +0900] "POST /Codi/LikeButtonCheck.jsp HTTP/1.1" 200 17
192.168.0.1 - - [15/Jun/2019:02:29:14 +0900] "POST /Codi/BringRankDB.jsp HTTP/1.1" 200 903
192.168.0.8 - - [15/Jun/2019:02:29:14 +0900] "POST /Codi/LikeButtonCheck.jsp HTTP/1.1" 200 17
192.168.0.8 - - [15/Jun/2019:02:29:14 +0900] "POST /Codi/LikeButtonCheck.jsp HTTP/1.1" 200 16
192.168.0.8 - - [15/Jun/2019:02:29:14 +0900] "POST /Codi/LikeButtonCheck.jsp HTTP/1.1" 200 16
192.168.0.8 - - [15/Jun/2019:02:29:14 +0900] "POST /Codi/LikeButtonCheck.jsp HTTP/1.1" 200 16
192.168.0.8 - - [15/Jun/2019:02:29:21 +0900] "POST /Codi/bringBoard.jsp HTTP/1.1" 200 1068
192.168.0.8 - - [15/Jun/2019:02:29:21 +0900] "POST /Codi/bringBoard.jsp HTTP/1.1" 200 729
192.168.0.8 - - [15/Jun/2019:02:29:21 +0900] "POST /Codi/LikeButtonCheck.jsp HTTP/1.1" 200 17
192.168.0.8 - - [15/Jun/2019:02:29:21 +0900] "POST /Codi/LikeButtonCheck.jsp HTTP/1.1" 200 16
192.168.0.8 - - [15/Jun/2019:02:29:21 +0900] "POST /Codi/LikeButtonCheck.jsp HTTP/1.1" 200 17
192.168.0.8 - - [15/Jun/2019:02:29:22 +0900] "POST /Codi/LikeButtonCheck.jsp HTTP/1.1" 200 17
192.168.0.8 - - [15/Jun/2019:02:29:22 +0900] "POST /Codi/LikeButtonCheck.jsp HTTP/1.1" 200 16
192.168.0.8 - - [15/Jun/2019:02:29:22 +0900] "POST /Codi/LikeButtonCheck.jsp HTTP/1.1" 200 17
192.168.0.8 - - [15/Jun/2019:02:29:22 +0900] "POST /Codi/LikeButtonCheck.jsp HTTP/1.1" 200 17
192.168.0.8 - - [15/Jun/2019:02:29:22 +0900] "POST /Codi/LikeButtonCheck.jsp HTTP/1.1" 200 17
192.168.0.8 - - [15/Jun/2019:02:29:23 +0900] "POST /Codi/LikeButtonCheck.jsp HTTP/1.1" 200 17
192.168.0.8 - - [15/Jun/2019:02:29:23 +0900] "POST /Codi/LikeButtonCheck.jsp HTTP/1.1" 200 17
192.168.0.1 - - [15/Jun/2019:02:29:24 +0900] "POST /Codi/BringRankDB.jsp HTTP/1.1" 200 903
192.168.0.8 - - [15/Jun/2019:02:29:24 +0900] "POST /Codi/LikeButtonCheck.jsp HTTP/1.1" 200 17
192.168.0.8 - - [15/Jun/2019:02:29:24 +0900] "POST /Codi/LikeButtonCheck.jsp HTTP/1.1" 200 16
192.168.0.8 - - [15/Jun/2019:02:29:24 +0900] "POST /Codi/LikeButtonCheck.jsp HTTP/1.1" 200 16
192.168.0.8 - - [15/Jun/2019:02:29:24 +0900] "POST /Codi/LikeButtonCheck.jsp HTTP/1.1" 200 16
192.168.0.7 - - [15/Jun/2019:02:29:26 +0900] "POST /Codi/bringBoard.jsp HTTP/1.1" 200 729
192.168.0.7 - - [15/Jun/2019:02:29:26 +0900] "POST /Codi/bringBoard.jsp HTTP/1.1" 200 557
192.168.0.7 - - [15/Jun/2019:02:29:26 +0900] "POST /Codi/bringBoard.jsp HTTP/1.1" 200 729
192.168.0.7 - - [15/Jun/2019:02:29:26 +0900] "POST /Codi/bringBoard.jsp HTTP/1.1" 200 557
192.168.0.7 - - [15/Jun/2019:02:29:26 +0900] "POST /Codi/bringBoard.jsp HTTP/1.1" 200 729
192.168.0.7 - - [15/Jun/2019:02:29:26 +0900] "POST /Codi/bringBoard.jsp HTTP/1.1" 200 1068
192.168.0.1 - - [15/Jun/2019:02:29:26 +0900] "POST /Codi/BringRankDB.jsp HTTP/1.1" 200 903
192.168.0.7 - - [15/Jun/2019:02:29:26 +0900] "POST /Codi/LikeButtonCheck.jsp HTTP/1.1" 200 16
192.168.0.7 - - [15/Jun/2019:02:29:26 +0900] "POST /Codi/LikeButtonCheck.jsp HTTP/1.1" 200 16
192.168.0.7 - - [15/Jun/2019:02:29:26 +0900] "POST /Codi/LikeButtonCheck.jsp HTTP/1.1" 200 16
192.168.0.7 - - [15/Jun/2019:02:29:26 +0900] "POST /Codi/LikeButtonCheck.jsp HTTP/1.1" 200 16
192.168.0.8 - - [15/Jun/2019:02:29:27 +0900] "POST /Codi/LikeButtonCheck.jsp HTTP/1.1" 200 17
192.168.0.8 - - [15/Jun/2019:02:29:29 +0900] "POST /Codi/LikeFlag.jsp HTTP/1.1" 200 15
192.168.0.8 - - [15/Jun/2019:02:29:29 +0900] "POST /Codi/LikeButtonCheck.jsp HTTP/1.1" 200 17
192.168.0.1 - - [15/Jun/2019:02:29:29 +0900] "POST /Codi/BringRankDB.jsp HTTP/1.1" 200 896
192.168.0.8 - - [15/Jun/2019:02:29:29 +0900] "POST /Codi/LikeButtonCheck.jsp HTTP/1.1" 200 17
192.168.0.8 - - [15/Jun/2019:02:29:29 +0900] "POST /Codi/LikeButtonCheck.jsp HTTP/1.1" 200 16
192.168.0.8 - - [15/Jun/2019:02:29:30 +0900] "POST /Codi/LikeButtonCheck.jsp HTTP/1.1" 200 16
192.168.0.8 - - [15/Jun/2019:02:29:30 +0900] "POST /Codi/LikeButtonCheck.jsp HTTP/1.1" 200 17
192.168.0.8 - - [15/Jun/2019:02:29:32 +0900] "POST /Codi/LikeButtonCheck.jsp HTTP/1.1" 200 17
192.168.0.8 - - [15/Jun/2019:02:29:34 +0900] "POST /Codi/bringBoard.jsp HTTP/1.1" 200 1068
192.168.0.8 - - [15/Jun/2019:02:29:34 +0900] "POST /Codi/bringBoard.jsp HTTP/1.1" 200 729
192.168.0.8 - - [15/Jun/2019:02:29:34 +0900] "POST /Codi/LikeButtonCheck.jsp HTTP/1.1" 200 17
192.168.0.8 - - [15/Jun/2019:02:29:34 +0900] "POST /Codi/LikeButtonCheck.jsp HTTP/1.1" 200 16
192.168.0.8 - - [15/Jun/2019:02:29:34 +0900] "POST /Codi/LikeButtonCheck.jsp HTTP/1.1" 200 17
192.168.0.8 - - [15/Jun/2019:02:29:34 +0900] "POST /Codi/LikeButtonCheck.jsp HTTP/1.1" 200 17
192.168.0.8 - - [15/Jun/2019:02:29:34 +0900] "POST /Codi/LikeButtonCheck.jsp HTTP/1.1" 200 17
192.168.0.8 - - [15/Jun/2019:02:29:34 +0900] "POST /Codi/LikeButtonCheck.jsp HTTP/1.1" 200 17
192.168.0.8 - - [15/Jun/2019:02:29:34 +0900] "POST /Codi/LikeButtonCheck.jsp HTTP/1.1" 200 17
192.168.0.8 - - [15/Jun/2019:02:29:34 +0900] "POST /Codi/LikeButtonCheck.jsp HTTP/1.1" 200 17
192.168.0.8 - - [15/Jun/2019:02:29:35 +0900] "POST /Codi/bringBoard.jsp HTTP/1.1" 200 557
192.168.0.8 - - [15/Jun/2019:02:29:35 +0900] "POST /Codi/LikeButtonCheck.jsp HTTP/1.1" 200 16
192.168.0.8 - - [15/Jun/2019:02:29:35 +0900] "POST /Codi/LikeButtonCheck.jsp HTTP/1.1" 200 16
192.168.0.8 - - [15/Jun/2019:02:29:35 +0900] "POST /Codi/LikeButtonCheck.jsp HTTP/1.1" 200 17
192.168.0.8 - - [15/Jun/2019:02:30:22 +0900] "POST /Codi/imagetest.jsp HTTP/1.1" 200 29
192.168.0.7 - - [15/Jun/2019:02:30:22 +0900] "POST /Codi/bringBoard.jsp HTTP/1.1" 200 1068
192.168.0.8 - - [15/Jun/2019:02:30:22 +0900] "POST /Codi/bringBoard.jsp HTTP/1.1" 200 1068
192.168.0.7 - - [15/Jun/2019:02:30:22 +0900] "POST /Codi/bringBoard.jsp HTTP/1.1" 200 729
192.168.0.8 - - [15/Jun/2019:02:30:22 +0900] "POST /Codi/bringBoard.jsp HTTP/1.1" 200 729
192.168.0.8 - - [15/Jun/2019:02:30:22 +0900] "POST /Codi/bringBoard.jsp HTTP/1.1" 200 729
192.168.0.7 - - [15/Jun/2019:02:30:22 +0900] "POST /Codi/LikeButtonCheck.jsp HTTP/1.1" 200 17
192.168.0.8 - - [15/Jun/2019:02:30:22 +0900] "POST /Codi/bringBoard.jsp HTTP/1.1" 200 734
192.168.0.7 - - [15/Jun/2019:02:30:22 +0900] "POST /Codi/LikeButtonCheck.jsp HTTP/1.1" 200 16
192.168.0.7 - - [15/Jun/2019:02:30:22 +0900] "POST /Codi/LikeButtonCheck.jsp HTTP/1.1" 200 17
192.168.0.7 - - [15/Jun/2019:02:30:22 +0900] "POST /Codi/LikeButtonCheck.jsp HTTP/1.1" 200 17
192.168.0.7 - - [15/Jun/2019:02:30:22 +0900] "POST /Codi/LikeButtonCheck.jsp HTTP/1.1" 200 16
192.168.0.8 - - [15/Jun/2019:02:30:22 +0900] "POST /Codi/LikeButtonCheck.jsp HTTP/1.1" 200 17
192.168.0.7 - - [15/Jun/2019:02:30:22 +0900] "POST /Codi/LikeButtonCheck.jsp HTTP/1.1" 200 17
192.168.0.8 - - [15/Jun/2019:02:30:22 +0900] "POST /Codi/LikeButtonCheck.jsp HTTP/1.1" 200 17
192.168.0.7 - - [15/Jun/2019:02:30:22 +0900] "POST /Codi/LikeButtonCheck.jsp HTTP/1.1" 200 17
192.168.0.8 - - [15/Jun/2019:02:30:22 +0900] "POST /Codi/LikeButtonCheck.jsp HTTP/1.1" 200 17
192.168.0.7 - - [15/Jun/2019:02:30:22 +0900] "POST /Codi/LikeButtonCheck.jsp HTTP/1.1" 200 16
192.168.0.8 - - [15/Jun/2019:02:30:22 +0900] "POST /Codi/LikeButtonCheck.jsp HTTP/1.1" 200 17
192.168.0.8 - - [15/Jun/2019:02:30:22 +0900] "POST /Codi/LikeButtonCheck.jsp HTTP/1.1" 200 17
192.168.0.1 - - [15/Jun/2019:02:30:22 +0900] "GET /Codi/image/self/Codi_jong_20190615023017.jpg HTTP/1.1" 200 4447509
192.168.0.8 - - [15/Jun/2019:02:30:22 +0900] "POST /Codi/LikeButtonCheck.jsp HTTP/1.1" 200 16
192.168.0.8 - - [15/Jun/2019:02:30:22 +0900] "POST /Codi/LikeButtonCheck.jsp HTTP/1.1" 200 16
192.168.0.8 - - [15/Jun/2019:02:30:23 +0900] "POST /Codi/LikeButtonCheck.jsp HTTP/1.1" 200 17
192.168.0.7 - - [15/Jun/2019:02:30:24 +0900] "POST /Codi/bringBoard.jsp HTTP/1.1" 200 734
192.168.0.1 - - [15/Jun/2019:02:30:24 +0900] "GET /Codi/image/self/Codi_jong_20190615023017.jpg HTTP/1.1" 200 4447509
192.168.0.7 - - [15/Jun/2019:02:30:24 +0900] "POST /Codi/LikeButtonCheck.jsp HTTP/1.1" 200 17
192.168.0.7 - - [15/Jun/2019:02:30:24 +0900] "POST /Codi/LikeButtonCheck.jsp HTTP/1.1" 200 16
192.168.0.7 - - [15/Jun/2019:02:30:24 +0900] "POST /Codi/LikeButtonCheck.jsp HTTP/1.1" 200 17
192.168.0.7 - - [15/Jun/2019:02:30:24 +0900] "POST /Codi/LikeButtonCheck.jsp HTTP/1.1" 200 17
192.168.0.1 - - [15/Jun/2019:02:30:25 +0900] "GET //Codi/image/self/Codi_jong_20190615023017.jpg HTTP/1.1" 200 4447509
192.168.0.8 - - [15/Jun/2019:02:30:27 +0900] "POST /Codi/bringBoard.jsp HTTP/1.1" 200 1068
192.168.0.8 - - [15/Jun/2019:02:30:27 +0900] "POST /Codi/bringBoard.jsp HTTP/1.1" 200 729
192.168.0.8 - - [15/Jun/2019:02:30:27 +0900] "POST /Codi/bringBoard.jsp HTTP/1.1" 200 729
192.168.0.8 - - [15/Jun/2019:02:30:27 +0900] "POST /Codi/bringBoard.jsp HTTP/1.1" 200 734
192.168.0.8 - - [15/Jun/2019:02:30:27 +0900] "POST /Codi/LikeButtonCheck.jsp HTTP/1.1" 200 17
192.168.0.8 - - [15/Jun/2019:02:30:27 +0900] "POST /Codi/LikeButtonCheck.jsp HTTP/1.1" 200 17
192.168.0.8 - - [15/Jun/2019:02:30:27 +0900] "POST /Codi/LikeButtonCheck.jsp HTTP/1.1" 200 17
192.168.0.8 - - [15/Jun/2019:02:30:27 +0900] "POST /Codi/LikeButtonCheck.jsp HTTP/1.1" 200 17
192.168.0.8 - - [15/Jun/2019:02:30:27 +0900] "POST /Codi/LikeButtonCheck.jsp HTTP/1.1" 200 17
192.168.0.8 - - [15/Jun/2019:02:30:27 +0900] "POST /Codi/LikeButtonCheck.jsp HTTP/1.1" 200 16
192.168.0.8 - - [15/Jun/2019:02:30:27 +0900] "POST /Codi/LikeButtonCheck.jsp HTTP/1.1" 200 16
192.168.0.7 - - [15/Jun/2019:02:30:27 +0900] "POST /Codi/LikeFlag.jsp HTTP/1.1" 200 15
192.168.0.8 - - [15/Jun/2019:02:30:27 +0900] "POST /Codi/LikeButtonCheck.jsp HTTP/1.1" 200 17
192.168.0.7 - - [15/Jun/2019:02:30:27 +0900] "POST /Codi/LikeButtonCheck.jsp HTTP/1.1" 200 16
192.168.0.8 - - [15/Jun/2019:02:30:29 +0900] "POST /Codi/LikeFlag.jsp HTTP/1.1" 200 15
192.168.0.8 - - [15/Jun/2019:02:30:29 +0900] "POST /Codi/LikeButtonCheck.jsp HTTP/1.1" 200 16
192.168.0.1 - - [15/Jun/2019:02:30:30 +0900] "POST /Codi/BringRankDB.jsp HTTP/1.1" 200 904
192.168.0.7 - - [15/Jun/2019:02:30:30 +0900] "POST /Codi/LikeButtonCheck.jsp HTTP/1.1" 200 16
192.168.0.7 - - [15/Jun/2019:02:30:31 +0900] "POST /Codi/LikeButtonCheck.jsp HTTP/1.1" 200 16
192.168.0.7 - - [15/Jun/2019:02:30:31 +0900] "POST /Codi/LikeButtonCheck.jsp HTTP/1.1" 200 16
192.168.0.7 - - [15/Jun/2019:02:30:31 +0900] "POST /Codi/LikeButtonCheck.jsp HTTP/1.1" 200 16
192.168.0.1 - - [15/Jun/2019:02:30:33 +0900] "POST /Codi/BringRankDB.jsp HTTP/1.1" 200 729
192.168.0.8 - - [15/Jun/2019:02:30:35 +0900] "POST /Codi/bringBoard.jsp HTTP/1.1" 200 1068
192.168.0.8 - - [15/Jun/2019:02:30:35 +0900] "POST /Codi/LikeButtonCheck.jsp HTTP/1.1" 200 17
192.168.0.8 - - [15/Jun/2019:02:30:35 +0900] "POST /Codi/LikeButtonCheck.jsp HTTP/1.1" 200 16
192.168.0.8 - - [15/Jun/2019:02:30:35 +0900] "POST /Codi/LikeButtonCheck.jsp HTTP/1.1" 200 17
192.168.0.8 - - [15/Jun/2019:02:30:35 +0900] "POST /Codi/LikeButtonCheck.jsp HTTP/1.1" 200 17
192.168.0.1 - - [15/Jun/2019:02:30:36 +0900] "POST /Codi/BringRankDB.jsp HTTP/1.1" 200 904
192.168.0.8 - - [15/Jun/2019:02:30:36 +0900] "POST /Codi/LikeButtonCheck.jsp HTTP/1.1" 200 17
192.168.0.8 - - [15/Jun/2019:02:30:36 +0900] "POST /Codi/LikeButtonCheck.jsp HTTP/1.1" 200 16
192.168.0.8 - - [15/Jun/2019:02:30:37 +0900] "POST /Codi/LikeButtonCheck.jsp HTTP/1.1" 200 16
192.168.0.8 - - [15/Jun/2019:02:30:37 +0900] "POST /Codi/LikeButtonCheck.jsp HTTP/1.1" 200 16
192.168.0.8 - - [15/Jun/2019:02:30:38 +0900] "POST /Codi/LikeButtonCheck.jsp HTTP/1.1" 200 17
192.168.0.7 - - [15/Jun/2019:02:30:43 +0900] "POST /Codi/LikeFlag.jsp HTTP/1.1" 200 15
192.168.0.1 - - [15/Jun/2019:02:30:43 +0900] "GET /Codi/image/null/Codi_hun_20190615021935.jpg HTTP/1.1" 404 1129
192.168.0.1 - - [15/Jun/2019:02:30:43 +0900] "GET /Codi/image/null/Codi_hun_20190615021935.jpg HTTP/1.1" 404 1129
192.168.0.7 - - [15/Jun/2019:02:30:43 +0900] "POST /Codi/LikeButtonCheck.jsp HTTP/1.1" 200 16
192.168.0.1 - - [15/Jun/2019:02:30:43 +0900] "POST /Codi/BringRankDB.jsp HTTP/1.1" 200 729
192.168.0.7 - - [15/Jun/2019:02:30:43 +0900] "POST /Codi/LikeButtonCheck.jsp HTTP/1.1" 200 16
192.168.0.7 - - [15/Jun/2019:02:30:43 +0900] "POST /Codi/LikeButtonCheck.jsp HTTP/1.1" 200 16
192.168.0.1 - - [15/Jun/2019:02:30:43 +0900] "GET /Codi/image/null/Codi_hun_20190615021935.jpg HTTP/1.1" 404 1129
192.168.0.1 - - [15/Jun/2019:02:30:43 +0900] "GET /Codi/image/null/Codi_hun_20190615021935.jpg HTTP/1.1" 404 1129
192.168.0.7 - - [15/Jun/2019:02:30:43 +0900] "POST /Codi/LikeButtonCheck.jsp HTTP/1.1" 200 16
192.168.0.1 - - [15/Jun/2019:02:30:43 +0900] "GET /Codi/image/null/Codi_hun_20190615022035.jpg HTTP/1.1" 404 1129
192.168.0.1 - - [15/Jun/2019:02:30:43 +0900] "GET /Codi/image/null/Codi_hun_20190615022035.jpg HTTP/1.1" 404 1129
192.168.0.7 - - [15/Jun/2019:02:30:43 +0900] "POST /Codi/LikeButtonCheck.jsp HTTP/1.1" 200 17
192.168.0.7 - - [15/Jun/2019:02:30:48 +0900] "POST /Codi/LikeFlag.jsp HTTP/1.1" 200 15
192.168.0.1 - - [15/Jun/2019:02:30:48 +0900] "GET /Codi/image/null/Codi_hun_20190615021935.jpg HTTP/1.1" 404 1129
192.168.0.7 - - [15/Jun/2019:02:30:48 +0900] "POST /Codi/LikeButtonCheck.jsp HTTP/1.1" 200 17
192.168.0.1 - - [15/Jun/2019:02:30:48 +0900] "GET /Codi/image/null/Codi_hun_20190615021935.jpg HTTP/1.1" 404 1129
192.168.0.1 - - [15/Jun/2019:02:30:48 +0900] "POST /Codi/BringRankDB.jsp HTTP/1.1" 200 729
192.168.0.7 - - [15/Jun/2019:02:30:48 +0900] "POST /Codi/LikeButtonCheck.jsp HTTP/1.1" 200 16
192.168.0.7 - - [15/Jun/2019:02:30:48 +0900] "POST /Codi/LikeButtonCheck.jsp HTTP/1.1" 200 16
192.168.0.1 - - [15/Jun/2019:02:30:48 +0900] "GET /Codi/image/null/Codi_hun_20190615021935.jpg HTTP/1.1" 404 1129
192.168.0.1 - - [15/Jun/2019:02:30:48 +0900] "GET /Codi/image/null/Codi_hun_20190615021935.jpg HTTP/1.1" 404 1129
192.168.0.7 - - [15/Jun/2019:02:30:48 +0900] "POST /Codi/LikeButtonCheck.jsp HTTP/1.1" 200 17
192.168.0.1 - - [15/Jun/2019:02:30:48 +0900] "GET /Codi/image/null/Codi_hun_20190615022035.jpg HTTP/1.1" 404 1129
192.168.0.1 - - [15/Jun/2019:02:30:48 +0900] "GET /Codi/image/null/Codi_hun_20190615022035.jpg HTTP/1.1" 404 1129
192.168.0.7 - - [15/Jun/2019:02:30:48 +0900] "POST /Codi/LikeButtonCheck.jsp HTTP/1.1" 200 17
192.168.0.7 - - [15/Jun/2019:02:30:48 +0900] "POST /Codi/LikeFlag.jsp HTTP/1.1" 200 15
192.168.0.1 - - [15/Jun/2019:02:30:49 +0900] "GET /Codi/image/null/Codi_hun_20190615021935.jpg HTTP/1.1" 404 1129
192.168.0.1 - - [15/Jun/2019:02:30:49 +0900] "GET /Codi/image/null/Codi_hun_20190615021935.jpg HTTP/1.1" 404 1129
192.168.0.7 - - [15/Jun/2019:02:30:49 +0900] "POST /Codi/LikeButtonCheck.jsp HTTP/1.1" 200 16
192.168.0.1 - - [15/Jun/2019:02:30:49 +0900] "POST /Codi/BringRankDB.jsp HTTP/1.1" 200 729
192.168.0.7 - - [15/Jun/2019:02:30:49 +0900] "POST /Codi/LikeButtonCheck.jsp HTTP/1.1" 200 16
192.168.0.7 - - [15/Jun/2019:02:30:49 +0900] "POST /Codi/LikeButtonCheck.jsp HTTP/1.1" 200 16
192.168.0.1 - - [15/Jun/2019:02:30:49 +0900] "GET /Codi/image/null/Codi_hun_20190615021935.jpg HTTP/1.1" 404 1129
192.168.0.1 - - [15/Jun/2019:02:30:49 +0900] "GET /Codi/image/null/Codi_hun_20190615021935.jpg HTTP/1.1" 404 1129
192.168.0.7 - - [15/Jun/2019:02:30:49 +0900] "POST /Codi/LikeButtonCheck.jsp HTTP/1.1" 200 16
192.168.0.1 - - [15/Jun/2019:02:30:49 +0900] "GET /Codi/image/null/Codi_hun_20190615022035.jpg HTTP/1.1" 404 1129
192.168.0.1 - - [15/Jun/2019:02:30:49 +0900] "GET /Codi/image/null/Codi_hun_20190615022035.jpg HTTP/1.1" 404 1129
192.168.0.7 - - [15/Jun/2019:02:30:49 +0900] "POST /Codi/LikeButtonCheck.jsp HTTP/1.1" 200 17
192.168.0.7 - - [15/Jun/2019:02:30:52 +0900] "POST /Codi/LikeFlag.jsp HTTP/1.1" 200 15
192.168.0.1 - - [15/Jun/2019:02:30:52 +0900] "GET /Codi/image/null/Codi_hun_20190615022035.jpg HTTP/1.1" 404 1129
192.168.0.1 - - [15/Jun/2019:02:30:52 +0900] "GET /Codi/image/null/Codi_hun_20190615022035.jpg HTTP/1.1" 404 1129
192.168.0.7 - - [15/Jun/2019:02:30:52 +0900] "POST /Codi/LikeButtonCheck.jsp HTTP/1.1" 200 16
192.168.0.1 - - [15/Jun/2019:02:30:52 +0900] "POST /Codi/BringRankDB.jsp HTTP/1.1" 200 729
192.168.0.7 - - [15/Jun/2019:02:30:52 +0900] "POST /Codi/LikeButtonCheck.jsp HTTP/1.1" 200 16
192.168.0.7 - - [15/Jun/2019:02:30:52 +0900] "POST /Codi/LikeButtonCheck.jsp HTTP/1.1" 200 16
192.168.0.1 - - [15/Jun/2019:02:30:52 +0900] "GET /Codi/image/null/Codi_hun_20190615021935.jpg HTTP/1.1" 404 1129
192.168.0.1 - - [15/Jun/2019:02:30:52 +0900] "GET /Codi/image/null/Codi_hun_20190615021935.jpg HTTP/1.1" 404 1129
192.168.0.7 - - [15/Jun/2019:02:30:52 +0900] "POST /Codi/LikeButtonCheck.jsp HTTP/1.1" 200 16
192.168.0.1 - - [15/Jun/2019:02:30:52 +0900] "GET /Codi/image/null/Codi_hun_20190615022035.jpg HTTP/1.1" 404 1129
192.168.0.1 - - [15/Jun/2019:02:30:52 +0900] "GET /Codi/image/null/Codi_hun_20190615022035.jpg HTTP/1.1" 404 1129
192.168.0.7 - - [15/Jun/2019:02:30:52 +0900] "POST /Codi/LikeButtonCheck.jsp HTTP/1.1" 200 16
192.168.0.8 - - [15/Jun/2019:02:30:53 +0900] "POST /Codi/bringBoard.jsp HTTP/1.1" 200 1068
192.168.0.8 - - [15/Jun/2019:02:30:53 +0900] "POST /Codi/bringBoard.jsp HTTP/1.1" 200 729
192.168.0.8 - - [15/Jun/2019:02:30:53 +0900] "POST /Codi/bringBoard.jsp HTTP/1.1" 200 729
192.168.0.8 - - [15/Jun/2019:02:30:53 +0900] "POST /Codi/bringBoard.jsp HTTP/1.1" 200 1068
192.168.0.1 - - [15/Jun/2019:02:30:53 +0900] "POST /Codi/BringRankDB.jsp HTTP/1.1" 200 904
192.168.0.8 - - [15/Jun/2019:02:30:53 +0900] "POST /Codi/LikeButtonCheck.jsp HTTP/1.1" 200 17
192.168.0.8 - - [15/Jun/2019:02:30:53 +0900] "POST /Codi/LikeButtonCheck.jsp HTTP/1.1" 200 16
192.168.0.8 - - [15/Jun/2019:02:30:53 +0900] "POST /Codi/LikeButtonCheck.jsp HTTP/1.1" 200 16
192.168.0.8 - - [15/Jun/2019:02:30:53 +0900] "POST /Codi/LikeButtonCheck.jsp HTTP/1.1" 200 16
192.168.0.1 - - [15/Jun/2019:02:30:54 +0900] "GET //Codi/image/self/Codi_hun_20190615022547.jpg HTTP/1.1" 200 4430212
192.168.0.1 - - [15/Jun/2019:02:30:55 +0900] "POST /Codi/BringRankDB.jsp HTTP/1.1" 200 904
192.168.0.8 - - [15/Jun/2019:02:30:57 +0900] "POST /Codi/bringBoard.jsp HTTP/1.1" 200 1068
192.168.0.8 - - [15/Jun/2019:02:30:57 +0900] "POST /Codi/bringBoard.jsp HTTP/1.1" 200 729
192.168.0.8 - - [15/Jun/2019:02:30:57 +0900] "POST /Codi/bringBoard.jsp HTTP/1.1" 200 729
192.168.0.8 - - [15/Jun/2019:02:30:57 +0900] "POST /Codi/bringBoard.jsp HTTP/1.1" 200 1068
192.168.0.1 - - [15/Jun/2019:02:30:57 +0900] "POST /Codi/BringRankDB.jsp HTTP/1.1" 200 904
192.168.0.8 - - [15/Jun/2019:02:30:57 +0900] "POST /Codi/LikeButtonCheck.jsp HTTP/1.1" 200 17
192.168.0.8 - - [15/Jun/2019:02:30:57 +0900] "POST /Codi/LikeButtonCheck.jsp HTTP/1.1" 200 16
192.168.0.8 - - [15/Jun/2019:02:30:57 +0900] "POST /Codi/LikeButtonCheck.jsp HTTP/1.1" 200 16
192.168.0.8 - - [15/Jun/2019:02:30:57 +0900] "POST /Codi/LikeButtonCheck.jsp HTTP/1.1" 200 16
192.168.0.1 - - [15/Jun/2019:02:30:58 +0900] "POST /Codi/BringRankDB.jsp HTTP/1.1" 200 729
192.168.0.1 - - [15/Jun/2019:02:30:58 +0900] "GET //Codi/image/hippop/Codi_ad_20190613174002.png HTTP/1.1" 200 1488689
192.168.0.8 - - [15/Jun/2019:02:30:59 +0900] "POST /Codi/bringBoard.jsp HTTP/1.1" 200 1068
192.168.0.8 - - [15/Jun/2019:02:30:59 +0900] "POST /Codi/bringBoard.jsp HTTP/1.1" 200 729
192.168.0.8 - - [15/Jun/2019:02:30:59 +0900] "POST /Codi/bringBoard.jsp HTTP/1.1" 200 729
192.168.0.8 - - [15/Jun/2019:02:30:59 +0900] "POST /Codi/bringBoard.jsp HTTP/1.1" 200 1068
192.168.0.1 - - [15/Jun/2019:02:30:59 +0900] "POST /Codi/BringRankDB.jsp HTTP/1.1" 200 904
192.168.0.8 - - [15/Jun/2019:02:30:59 +0900] "POST /Codi/LikeButtonCheck.jsp HTTP/1.1" 200 17
192.168.0.8 - - [15/Jun/2019:02:30:59 +0900] "POST /Codi/LikeButtonCheck.jsp HTTP/1.1" 200 16
192.168.0.8 - - [15/Jun/2019:02:30:59 +0900] "POST /Codi/LikeButtonCheck.jsp HTTP/1.1" 200 16
192.168.0.8 - - [15/Jun/2019:02:30:59 +0900] "POST /Codi/LikeButtonCheck.jsp HTTP/1.1" 200 16
192.168.0.8 - - [15/Jun/2019:02:31:00 +0900] "POST /Codi/LikeButtonCheck.jsp HTTP/1.1" 200 17
192.168.0.7 - - [15/Jun/2019:02:31:00 +0900] "POST /Codi/bringBoard.jsp HTTP/1.1" 200 1068
192.168.0.7 - - [15/Jun/2019:02:31:00 +0900] "POST /Codi/bringBoard.jsp HTTP/1.1" 200 729
192.168.0.7 - - [15/Jun/2019:02:31:00 +0900] "POST /Codi/LikeButtonCheck.jsp HTTP/1.1" 200 17
192.168.0.7 - - [15/Jun/2019:02:31:01 +0900] "POST /Codi/LikeButtonCheck.jsp HTTP/1.1" 200 16
192.168.0.1 - - [15/Jun/2019:02:31:01 +0900] "GET //Codi/image/daily/Codi_ad_20190613174023.jpg HTTP/1.1" 200 5400527
192.168.0.7 - - [15/Jun/2019:02:31:01 +0900] "POST /Codi/LikeButtonCheck.jsp HTTP/1.1" 200 17
192.168.0.7 - - [15/Jun/2019:02:31:01 +0900] "POST /Codi/LikeButtonCheck.jsp HTTP/1.1" 200 17
192.168.0.7 - - [15/Jun/2019:02:31:01 +0900] "POST /Codi/LikeButtonCheck.jsp HTTP/1.1" 200 16
192.168.0.7 - - [15/Jun/2019:02:31:01 +0900] "POST /Codi/LikeButtonCheck.jsp HTTP/1.1" 200 17
192.168.0.7 - - [15/Jun/2019:02:31:01 +0900] "POST /Codi/LikeButtonCheck.jsp HTTP/1.1" 200 17
192.168.0.7 - - [15/Jun/2019:02:31:01 +0900] "POST /Codi/LikeButtonCheck.jsp HTTP/1.1" 200 16
192.168.0.7 - - [15/Jun/2019:02:31:02 +0900] "POST /Codi/LikeButtonCheck.jsp HTTP/1.1" 200 16
192.168.0.8 - - [15/Jun/2019:02:31:02 +0900] "POST /Codi/bringBoard.jsp HTTP/1.1" 200 1068
192.168.0.7 - - [15/Jun/2019:02:31:02 +0900] "POST /Codi/LikeButtonCheck.jsp HTTP/1.1" 200 17
192.168.0.8 - - [15/Jun/2019:02:31:02 +0900] "POST /Codi/bringBoard.jsp HTTP/1.1" 200 729
192.168.0.8 - - [15/Jun/2019:02:31:02 +0900] "POST /Codi/bringBoard.jsp HTTP/1.1" 200 729
192.168.0.8 - - [15/Jun/2019:02:31:02 +0900] "POST /Codi/bringBoard.jsp HTTP/1.1" 200 1068
192.168.0.1 - - [15/Jun/2019:02:31:02 +0900] "POST /Codi/BringRankDB.jsp HTTP/1.1" 200 904
192.168.0.8 - - [15/Jun/2019:02:31:02 +0900] "POST /Codi/LikeButtonCheck.jsp HTTP/1.1" 200 17
192.168.0.8 - - [15/Jun/2019:02:31:02 +0900] "POST /Codi/LikeButtonCheck.jsp HTTP/1.1" 200 16
192.168.0.8 - - [15/Jun/2019:02:31:02 +0900] "POST /Codi/LikeButtonCheck.jsp HTTP/1.1" 200 16
192.168.0.8 - - [15/Jun/2019:02:31:02 +0900] "POST /Codi/LikeButtonCheck.jsp HTTP/1.1" 200 16
192.168.0.8 - - [15/Jun/2019:02:31:04 +0900] "POST /Codi/bringBoard.jsp HTTP/1.1" 200 1068
192.168.0.8 - - [15/Jun/2019:02:31:04 +0900] "POST /Codi/bringBoard.jsp HTTP/1.1" 200 729
192.168.0.8 - - [15/Jun/2019:02:31:04 +0900] "POST /Codi/bringBoard.jsp HTTP/1.1" 200 729
192.168.0.8 - - [15/Jun/2019:02:31:04 +0900] "POST /Codi/bringBoard.jsp HTTP/1.1" 200 1068
192.168.0.1 - - [15/Jun/2019:02:31:04 +0900] "POST /Codi/BringRankDB.jsp HTTP/1.1" 200 904
192.168.0.8 - - [15/Jun/2019:02:31:04 +0900] "POST /Codi/LikeButtonCheck.jsp HTTP/1.1" 200 17
192.168.0.8 - - [15/Jun/2019:02:31:04 +0900] "POST /Codi/LikeButtonCheck.jsp HTTP/1.1" 200 16
192.168.0.8 - - [15/Jun/2019:02:31:04 +0900] "POST /Codi/LikeButtonCheck.jsp HTTP/1.1" 200 16
192.168.0.8 - - [15/Jun/2019:02:31:04 +0900] "POST /Codi/LikeButtonCheck.jsp HTTP/1.1" 200 16
192.168.0.8 - - [15/Jun/2019:02:31:04 +0900] "POST /Codi/LikeButtonCheck.jsp HTTP/1.1" 200 17
192.168.0.1 - - [15/Jun/2019:02:31:05 +0900] "GET //Codi/image/daily/Codi_hun_20190613220221.png HTTP/1.1" 200 1488689
192.168.0.8 - - [15/Jun/2019:02:31:07 +0900] "POST /Codi/bringBoard.jsp HTTP/1.1" 200 1068
192.168.0.8 - - [15/Jun/2019:02:31:07 +0900] "POST /Codi/bringBoard.jsp HTTP/1.1" 200 729
192.168.0.8 - - [15/Jun/2019:02:31:07 +0900] "POST /Codi/bringBoard.jsp HTTP/1.1" 200 729
192.168.0.8 - - [15/Jun/2019:02:31:07 +0900] "POST /Codi/bringBoard.jsp HTTP/1.1" 200 1068
192.168.0.1 - - [15/Jun/2019:02:31:07 +0900] "POST /Codi/BringRankDB.jsp HTTP/1.1" 200 904
192.168.0.8 - - [15/Jun/2019:02:31:07 +0900] "POST /Codi/LikeButtonCheck.jsp HTTP/1.1" 200 17
192.168.0.8 - - [15/Jun/2019:02:31:07 +0900] "POST /Codi/LikeButtonCheck.jsp HTTP/1.1" 200 16
192.168.0.8 - - [15/Jun/2019:02:31:07 +0900] "POST /Codi/LikeButtonCheck.jsp HTTP/1.1" 200 16
192.168.0.8 - - [15/Jun/2019:02:31:07 +0900] "POST /Codi/LikeButtonCheck.jsp HTTP/1.1" 200 16
192.168.0.8 - - [15/Jun/2019:02:31:09 +0900] "POST /Codi/LikeButtonCheck.jsp HTTP/1.1" 200 17
192.168.0.8 - - [15/Jun/2019:02:31:12 +0900] "POST /Codi/bringBoard.jsp HTTP/1.1" 200 1068
192.168.0.8 - - [15/Jun/2019:02:31:12 +0900] "POST /Codi/bringBoard.jsp HTTP/1.1" 200 729
192.168.0.8 - - [15/Jun/2019:02:31:12 +0900] "POST /Codi/bringBoard.jsp HTTP/1.1" 200 729
192.168.0.8 - - [15/Jun/2019:02:31:12 +0900] "POST /Codi/bringBoard.jsp HTTP/1.1" 200 1068
192.168.0.1 - - [15/Jun/2019:02:31:12 +0900] "POST /Codi/BringRankDB.jsp HTTP/1.1" 200 904
192.168.0.8 - - [15/Jun/2019:02:31:12 +0900] "POST /Codi/LikeButtonCheck.jsp HTTP/1.1" 200 17
192.168.0.8 - - [15/Jun/2019:02:31:12 +0900] "POST /Codi/LikeButtonCheck.jsp HTTP/1.1" 200 16
192.168.0.8 - - [15/Jun/2019:02:31:12 +0900] "POST /Codi/LikeButtonCheck.jsp HTTP/1.1" 200 16
192.168.0.8 - - [15/Jun/2019:02:31:12 +0900] "POST /Codi/LikeButtonCheck.jsp HTTP/1.1" 200 16
192.168.0.1 - - [15/Jun/2019:02:31:13 +0900] "POST /Codi/BringRankDB.jsp HTTP/1.1" 200 904
192.168.0.7 - - [15/Jun/2019:02:31:13 +0900] "POST /Codi/LikeButtonCheck.jsp HTTP/1.1" 200 16
192.168.0.7 - - [15/Jun/2019:02:31:13 +0900] "POST /Codi/LikeButtonCheck.jsp HTTP/1.1" 200 16
192.168.0.7 - - [15/Jun/2019:02:31:13 +0900] "POST /Codi/LikeButtonCheck.jsp HTTP/1.1" 200 16
192.168.0.7 - - [15/Jun/2019:02:31:13 +0900] "POST /Codi/LikeButtonCheck.jsp HTTP/1.1" 200 16
192.168.0.7 - - [15/Jun/2019:02:31:14 +0900] "POST /Codi/LikeButtonCheck.jsp HTTP/1.1" 200 17
192.168.0.8 - - [15/Jun/2019:02:31:16 +0900] "POST /Codi/LikeButtonCheck.jsp HTTP/1.1" 200 17
192.168.0.7 - - [15/Jun/2019:02:31:17 +0900] "POST /Codi/LikeFlag.jsp HTTP/1.1" 200 15
192.168.0.7 - - [15/Jun/2019:02:31:17 +0900] "POST /Codi/LikeButtonCheck.jsp HTTP/1.1" 200 16
192.168.0.1 - - [15/Jun/2019:02:31:17 +0900] "POST /Codi/BringRankDB.jsp HTTP/1.1" 200 904
192.168.0.7 - - [15/Jun/2019:02:31:17 +0900] "POST /Codi/LikeButtonCheck.jsp HTTP/1.1" 200 16
192.168.0.7 - - [15/Jun/2019:02:31:17 +0900] "POST /Codi/LikeButtonCheck.jsp HTTP/1.1" 200 16
192.168.0.7 - - [15/Jun/2019:02:31:17 +0900] "POST /Codi/LikeButtonCheck.jsp HTTP/1.1" 200 16
192.168.0.7 - - [15/Jun/2019:02:31:17 +0900] "POST /Codi/LikeButtonCheck.jsp HTTP/1.1" 200 16
192.168.0.7 - - [15/Jun/2019:02:31:18 +0900] "POST /Codi/LikeButtonCheck.jsp HTTP/1.1" 200 16
192.168.0.1 - - [15/Jun/2019:02:31:20 +0900] "POST /Codi/BringRankDB.jsp HTTP/1.1" 200 904
192.168.0.1 - - [15/Jun/2019:02:31:21 +0900] "POST /Codi/BringRankDB.jsp HTTP/1.1" 200 904
192.168.0.1 - - [15/Jun/2019:02:31:21 +0900] "POST /Codi/BringRankDB.jsp HTTP/1.1" 200 904
192.168.0.8 - - [15/Jun/2019:02:31:24 +0900] "POST /Codi/bringBoard.jsp HTTP/1.1" 200 1068
192.168.0.8 - - [15/Jun/2019:02:31:24 +0900] "POST /Codi/bringBoard.jsp HTTP/1.1" 200 729
192.168.0.8 - - [15/Jun/2019:02:31:24 +0900] "POST /Codi/bringBoard.jsp HTTP/1.1" 200 729
192.168.0.8 - - [15/Jun/2019:02:31:24 +0900] "POST /Codi/bringBoard.jsp HTTP/1.1" 200 1068
192.168.0.1 - - [15/Jun/2019:02:31:24 +0900] "POST /Codi/BringRankDB.jsp HTTP/1.1" 200 904
192.168.0.8 - - [15/Jun/2019:02:31:24 +0900] "POST /Codi/LikeButtonCheck.jsp HTTP/1.1" 200 17
192.168.0.8 - - [15/Jun/2019:02:31:24 +0900] "POST /Codi/LikeButtonCheck.jsp HTTP/1.1" 200 16
192.168.0.1 - - [15/Jun/2019:02:31:24 +0900] "POST /Codi/BringRankDB.jsp HTTP/1.1" 200 729
192.168.0.8 - - [15/Jun/2019:02:31:24 +0900] "POST /Codi/LikeButtonCheck.jsp HTTP/1.1" 200 16
192.168.0.8 - - [15/Jun/2019:02:31:24 +0900] "POST /Codi/LikeButtonCheck.jsp HTTP/1.1" 200 16
192.168.0.8 - - [15/Jun/2019:02:31:25 +0900] "POST /Codi/LikeFlag.jsp HTTP/1.1" 200 15
192.168.0.8 - - [15/Jun/2019:02:31:25 +0900] "POST /Codi/LikeButtonCheck.jsp HTTP/1.1" 200 17
192.168.0.8 - - [15/Jun/2019:02:31:25 +0900] "POST /Codi/LikeButtonCheck.jsp HTTP/1.1" 200 16
192.168.0.1 - - [15/Jun/2019:02:31:25 +0900] "POST /Codi/BringRankDB.jsp HTTP/1.1" 200 904
192.168.0.8 - - [15/Jun/2019:02:31:25 +0900] "POST /Codi/LikeButtonCheck.jsp HTTP/1.1" 200 16
192.168.0.8 - - [15/Jun/2019:02:31:25 +0900] "POST /Codi/LikeButtonCheck.jsp HTTP/1.1" 200 17
192.168.0.8 - - [15/Jun/2019:02:31:25 +0900] "POST /Codi/LikeButtonCheck.jsp HTTP/1.1" 200 16
192.168.0.8 - - [15/Jun/2019:02:31:25 +0900] "POST /Codi/LikeButtonCheck.jsp HTTP/1.1" 200 16
192.168.0.1 - - [15/Jun/2019:02:31:26 +0900] "POST /Codi/BringRankDB.jsp HTTP/1.1" 200 904
192.168.0.8 - - [15/Jun/2019:02:31:26 +0900] "POST /Codi/LikeButtonCheck.jsp HTTP/1.1" 200 16
192.168.0.1 - - [15/Jun/2019:02:31:28 +0900] "POST /Codi/BringRankDB.jsp HTTP/1.1" 200 729
192.168.0.8 - - [15/Jun/2019:02:31:29 +0900] "POST /Codi/bringBoard.jsp HTTP/1.1" 200 1068
192.168.0.7 - - [15/Jun/2019:02:31:29 +0900] "POST /Codi/LikeFlag.jsp HTTP/1.1" 200 15
192.168.0.8 - - [15/Jun/2019:02:31:29 +0900] "POST /Codi/bringBoard.jsp HTTP/1.1" 200 729
192.168.0.1 - - [15/Jun/2019:02:31:29 +0900] "GET /Codi/image/null/Codi_hun_20190615021935.jpg HTTP/1.1" 404 1129
192.168.0.8 - - [15/Jun/2019:02:31:29 +0900] "POST /Codi/bringBoard.jsp HTTP/1.1" 200 729
192.168.0.1 - - [15/Jun/2019:02:31:29 +0900] "GET /Codi/image/null/Codi_hun_20190615021935.jpg HTTP/1.1" 404 1129
192.168.0.7 - - [15/Jun/2019:02:31:29 +0900] "POST /Codi/LikeButtonCheck.jsp HTTP/1.1" 200 17
192.168.0.8 - - [15/Jun/2019:02:31:29 +0900] "POST /Codi/bringBoard.jsp HTTP/1.1" 200 1068
192.168.0.1 - - [15/Jun/2019:02:31:29 +0900] "POST /Codi/BringRankDB.jsp HTTP/1.1" 200 904
192.168.0.1 - - [15/Jun/2019:02:31:29 +0900] "POST /Codi/BringRankDB.jsp HTTP/1.1" 200 729
192.168.0.8 - - [15/Jun/2019:02:31:29 +0900] "POST /Codi/LikeButtonCheck.jsp HTTP/1.1" 200 16
192.168.0.7 - - [15/Jun/2019:02:31:30 +0900] "POST /Codi/LikeButtonCheck.jsp HTTP/1.1" 200 16
192.168.0.8 - - [15/Jun/2019:02:31:30 +0900] "POST /Codi/LikeButtonCheck.jsp HTTP/1.1" 200 17
192.168.0.7 - - [15/Jun/2019:02:31:30 +0900] "POST /Codi/LikeButtonCheck.jsp HTTP/1.1" 200 16
192.168.0.8 - - [15/Jun/2019:02:31:30 +0900] "POST /Codi/LikeButtonCheck.jsp HTTP/1.1" 200 16
192.168.0.1 - - [15/Jun/2019:02:31:30 +0900] "GET /Codi/image/null/Codi_hun_20190615022035.jpg HTTP/1.1" 404 1129
192.168.0.1 - - [15/Jun/2019:02:31:30 +0900] "GET /Codi/image/null/Codi_hun_20190615022035.jpg HTTP/1.1" 404 1129
192.168.0.7 - - [15/Jun/2019:02:31:30 +0900] "POST /Codi/LikeButtonCheck.jsp HTTP/1.1" 200 16
192.168.0.8 - - [15/Jun/2019:02:31:30 +0900] "POST /Codi/LikeButtonCheck.jsp HTTP/1.1" 200 16
192.168.0.1 - - [15/Jun/2019:02:31:30 +0900] "GET /Codi/image/null/Codi_hun_20190615021935.jpg HTTP/1.1" 404 1129
192.168.0.1 - - [15/Jun/2019:02:31:30 +0900] "GET /Codi/image/null/Codi_hun_20190615021935.jpg HTTP/1.1" 404 1129
192.168.0.7 - - [15/Jun/2019:02:31:30 +0900] "POST /Codi/LikeButtonCheck.jsp HTTP/1.1" 200 17
192.168.0.8 - - [15/Jun/2019:02:31:30 +0900] "POST /Codi/LikeFlag.jsp HTTP/1.1" 200 15
192.168.0.8 - - [15/Jun/2019:02:31:30 +0900] "POST /Codi/LikeButtonCheck.jsp HTTP/1.1" 200 16
192.168.0.8 - - [15/Jun/2019:02:31:31 +0900] "POST /Codi/LikeButtonCheck.jsp HTTP/1.1" 200 17
192.168.0.1 - - [15/Jun/2019:02:31:31 +0900] "POST /Codi/BringRankDB.jsp HTTP/1.1" 200 904
192.168.0.8 - - [15/Jun/2019:02:31:31 +0900] "POST /Codi/LikeButtonCheck.jsp HTTP/1.1" 200 17
192.168.0.8 - - [15/Jun/2019:02:31:31 +0900] "POST /Codi/LikeButtonCheck.jsp HTTP/1.1" 200 16
192.168.0.8 - - [15/Jun/2019:02:31:31 +0900] "POST /Codi/LikeButtonCheck.jsp HTTP/1.1" 200 16
192.168.0.8 - - [15/Jun/2019:02:31:31 +0900] "POST /Codi/LikeButtonCheck.jsp HTTP/1.1" 200 16
192.168.0.8 - - [15/Jun/2019:02:31:33 +0900] "POST /Codi/LikeButtonCheck.jsp HTTP/1.1" 200 17
192.168.0.8 - - [15/Jun/2019:02:31:38 +0900] "POST /Codi/LikeFlag.jsp HTTP/1.1" 200 15
192.168.0.8 - - [15/Jun/2019:02:31:38 +0900] "POST /Codi/LikeButtonCheck.jsp HTTP/1.1" 200 17
192.168.0.1 - - [15/Jun/2019:02:31:38 +0900] "POST /Codi/BringRankDB.jsp HTTP/1.1" 200 901
192.168.0.8 - - [15/Jun/2019:02:31:38 +0900] "POST /Codi/LikeButtonCheck.jsp HTTP/1.1" 200 17
192.168.0.8 - - [15/Jun/2019:02:31:38 +0900] "POST /Codi/LikeButtonCheck.jsp HTTP/1.1" 200 16
192.168.0.8 - - [15/Jun/2019:02:31:39 +0900] "POST /Codi/LikeButtonCheck.jsp HTTP/1.1" 200 16
192.168.0.8 - - [15/Jun/2019:02:31:39 +0900] "POST /Codi/LikeButtonCheck.jsp HTTP/1.1" 200 17
192.168.0.8 - - [15/Jun/2019:02:31:40 +0900] "POST /Codi/bringBoard.jsp HTTP/1.1" 200 1068
192.168.0.8 - - [15/Jun/2019:02:31:41 +0900] "POST /Codi/bringBoard.jsp HTTP/1.1" 200 729
192.168.0.8 - - [15/Jun/2019:02:31:41 +0900] "POST /Codi/bringBoard.jsp HTTP/1.1" 200 729
192.168.0.8 - - [15/Jun/2019:02:31:41 +0900] "POST /Codi/bringBoard.jsp HTTP/1.1" 200 1068
192.168.0.1 - - [15/Jun/2019:02:31:41 +0900] "POST /Codi/BringRankDB.jsp HTTP/1.1" 200 901
192.168.0.8 - - [15/Jun/2019:02:31:41 +0900] "POST /Codi/LikeButtonCheck.jsp HTTP/1.1" 200 17
192.168.0.8 - - [15/Jun/2019:02:31:41 +0900] "POST /Codi/LikeButtonCheck.jsp HTTP/1.1" 200 16
192.168.0.8 - - [15/Jun/2019:02:31:41 +0900] "POST /Codi/LikeButtonCheck.jsp HTTP/1.1" 200 16
192.168.0.8 - - [15/Jun/2019:02:31:41 +0900] "POST /Codi/LikeButtonCheck.jsp HTTP/1.1" 200 17
192.168.0.8 - - [15/Jun/2019:02:31:44 +0900] "POST /Codi/bringBoard.jsp HTTP/1.1" 200 1068
192.168.0.8 - - [15/Jun/2019:02:31:44 +0900] "POST /Codi/bringBoard.jsp HTTP/1.1" 200 729
192.168.0.8 - - [15/Jun/2019:02:31:44 +0900] "POST /Codi/bringBoard.jsp HTTP/1.1" 200 729
192.168.0.8 - - [15/Jun/2019:02:31:44 +0900] "POST /Codi/bringBoard.jsp HTTP/1.1" 200 1068
192.168.0.1 - - [15/Jun/2019:02:31:44 +0900] "POST /Codi/BringRankDB.jsp HTTP/1.1" 200 901
192.168.0.8 - - [15/Jun/2019:02:31:44 +0900] "POST /Codi/LikeButtonCheck.jsp HTTP/1.1" 200 17
192.168.0.8 - - [15/Jun/2019:02:31:44 +0900] "POST /Codi/LikeButtonCheck.jsp HTTP/1.1" 200 16
192.168.0.8 - - [15/Jun/2019:02:31:44 +0900] "POST /Codi/LikeButtonCheck.jsp HTTP/1.1" 200 16
192.168.0.8 - - [15/Jun/2019:02:31:44 +0900] "POST /Codi/LikeButtonCheck.jsp HTTP/1.1" 200 17
192.168.0.8 - - [15/Jun/2019:02:31:45 +0900] "POST /Codi/LikeButtonCheck.jsp HTTP/1.1" 200 17
192.168.0.1 - - [15/Jun/2019:02:31:46 +0900] "POST /Codi/BringRankDB.jsp HTTP/1.1" 200 729
192.168.0.8 - - [15/Jun/2019:02:31:48 +0900] "POST /Codi/LikeFlag.jsp HTTP/1.1" 200 15
192.168.0.8 - - [15/Jun/2019:02:31:48 +0900] "POST /Codi/LikeButtonCheck.jsp HTTP/1.1" 200 17
192.168.0.1 - - [15/Jun/2019:02:31:48 +0900] "POST /Codi/BringRankDB.jsp HTTP/1.1" 200 729
192.168.0.8 - - [15/Jun/2019:02:31:48 +0900] "POST /Codi/LikeButtonCheck.jsp HTTP/1.1" 200 16
192.168.0.1 - - [15/Jun/2019:02:31:48 +0900] "GET /Codi/image/null/Codi_hun_20190615022035.jpg HTTP/1.1" 404 1129
192.168.0.1 - - [15/Jun/2019:02:31:48 +0900] "GET /Codi/image/null/Codi_hun_20190615022035.jpg HTTP/1.1" 404 1129
192.168.0.8 - - [15/Jun/2019:02:31:48 +0900] "POST /Codi/LikeButtonCheck.jsp HTTP/1.1" 200 17
192.168.0.8 - - [15/Jun/2019:02:31:48 +0900] "POST /Codi/LikeButtonCheck.jsp HTTP/1.1" 200 17
192.168.0.1 - - [15/Jun/2019:02:31:48 +0900] "GET /Codi/image/null/Codi_hun_20190615021935.jpg HTTP/1.1" 404 1129
192.168.0.1 - - [15/Jun/2019:02:31:48 +0900] "GET /Codi/image/null/Codi_hun_20190615021935.jpg HTTP/1.1" 404 1129
192.168.0.8 - - [15/Jun/2019:02:31:48 +0900] "POST /Codi/LikeButtonCheck.jsp HTTP/1.1" 200 17
192.168.0.1 - - [15/Jun/2019:02:33:21 +0900] "POST /Codi/BringRankDB.jsp HTTP/1.1" 200 889
192.168.0.7 - - [15/Jun/2019:02:33:21 +0900] "POST /Codi/LikeButtonCheck.jsp HTTP/1.1" 200 16
192.168.0.7 - - [15/Jun/2019:02:33:21 +0900] "POST /Codi/LikeButtonCheck.jsp HTTP/1.1" 200 16
192.168.0.7 - - [15/Jun/2019:02:33:21 +0900] "POST /Codi/LikeButtonCheck.jsp HTTP/1.1" 200 16
192.168.0.7 - - [15/Jun/2019:02:33:21 +0900] "POST /Codi/LikeButtonCheck.jsp HTTP/1.1" 200 16
192.168.0.1 - - [15/Jun/2019:02:33:23 +0900] "POST /Codi/BringRankDB.jsp HTTP/1.1" 200 729
192.168.0.8 - - [15/Jun/2019:02:33:25 +0900] "POST /Codi/LikeFlag.jsp HTTP/1.1" 200 15
192.168.0.1 - - [15/Jun/2019:02:33:25 +0900] "GET /Codi/image/null/Codi_hun_20190615022035.jpg HTTP/1.1" 404 1129
192.168.0.1 - - [15/Jun/2019:02:33:25 +0900] "GET /Codi/image/null/Codi_hun_20190615022035.jpg HTTP/1.1" 404 1129
192.168.0.8 - - [15/Jun/2019:02:33:25 +0900] "POST /Codi/LikeButtonCheck.jsp HTTP/1.1" 200 16
192.168.0.1 - - [15/Jun/2019:02:33:25 +0900] "POST /Codi/BringRankDB.jsp HTTP/1.1" 200 729
192.168.0.1 - - [15/Jun/2019:02:33:26 +0900] "GET /Codi/image/null/Codi_hun_20190615022035.jpg HTTP/1.1" 404 1129
192.168.0.1 - - [15/Jun/2019:02:33:26 +0900] "GET /Codi/image/null/Codi_hun_20190615022035.jpg HTTP/1.1" 404 1129
192.168.0.8 - - [15/Jun/2019:02:33:26 +0900] "POST /Codi/LikeButtonCheck.jsp HTTP/1.1" 200 16
192.168.0.8 - - [15/Jun/2019:02:33:26 +0900] "POST /Codi/LikeButtonCheck.jsp HTTP/1.1" 200 16
192.168.0.8 - - [15/Jun/2019:02:33:26 +0900] "POST /Codi/LikeButtonCheck.jsp HTTP/1.1" 200 17
192.168.0.1 - - [15/Jun/2019:02:33:26 +0900] "GET /Codi/image/null/Codi_hun_20190615021935.jpg HTTP/1.1" 404 1129
192.168.0.1 - - [15/Jun/2019:02:33:26 +0900] "GET /Codi/image/null/Codi_hun_20190615021935.jpg HTTP/1.1" 404 1129
192.168.0.8 - - [15/Jun/2019:02:33:26 +0900] "POST /Codi/LikeButtonCheck.jsp HTTP/1.1" 200 17
192.168.0.7 - - [15/Jun/2019:02:33:28 +0900] "POST /Codi/bringBoard.jsp HTTP/1.1" 200 1068
192.168.0.7 - - [15/Jun/2019:02:33:28 +0900] "POST /Codi/bringBoard.jsp HTTP/1.1" 200 729
192.168.0.7 - - [15/Jun/2019:02:33:29 +0900] "POST /Codi/LikeButtonCheck.jsp HTTP/1.1" 200 17
192.168.0.7 - - [15/Jun/2019:02:33:29 +0900] "POST /Codi/LikeButtonCheck.jsp HTTP/1.1" 200 16
192.168.0.7 - - [15/Jun/2019:02:33:29 +0900] "POST /Codi/LikeButtonCheck.jsp HTTP/1.1" 200 17
192.168.0.7 - - [15/Jun/2019:02:33:29 +0900] "POST /Codi/LikeButtonCheck.jsp HTTP/1.1" 200 17
192.168.0.7 - - [15/Jun/2019:02:33:29 +0900] "POST /Codi/LikeButtonCheck.jsp HTTP/1.1" 200 16
192.168.0.7 - - [15/Jun/2019:02:33:29 +0900] "POST /Codi/LikeButtonCheck.jsp HTTP/1.1" 200 17
192.168.0.7 - - [15/Jun/2019:02:33:29 +0900] "POST /Codi/LikeButtonCheck.jsp HTTP/1.1" 200 17
192.168.0.7 - - [15/Jun/2019:02:33:29 +0900] "POST /Codi/LikeButtonCheck.jsp HTTP/1.1" 200 16
192.168.0.7 - - [15/Jun/2019:02:33:31 +0900] "POST /Codi/bringBoard.jsp HTTP/1.1" 200 734
192.168.0.7 - - [15/Jun/2019:02:33:31 +0900] "POST /Codi/LikeButtonCheck.jsp HTTP/1.1" 200 16
192.168.0.7 - - [15/Jun/2019:02:33:31 +0900] "POST /Codi/LikeButtonCheck.jsp HTTP/1.1" 200 16
192.168.0.7 - - [15/Jun/2019:02:33:31 +0900] "POST /Codi/LikeButtonCheck.jsp HTTP/1.1" 200 17
192.168.0.7 - - [15/Jun/2019:02:33:31 +0900] "POST /Codi/LikeButtonCheck.jsp HTTP/1.1" 200 17
192.168.0.1 - - [15/Jun/2019:02:33:32 +0900] "POST /Codi/BringRankDB.jsp HTTP/1.1" 200 889
192.168.0.8 - - [15/Jun/2019:02:33:32 +0900] "POST /Codi/LikeFlag.jsp HTTP/1.1" 200 15
192.168.0.7 - - [15/Jun/2019:02:33:32 +0900] "POST /Codi/LikeButtonCheck.jsp HTTP/1.1" 200 16
192.168.0.8 - - [15/Jun/2019:02:33:32 +0900] "POST /Codi/LikeButtonCheck.jsp HTTP/1.1" 200 16
192.168.0.7 - - [15/Jun/2019:02:33:32 +0900] "POST /Codi/LikeButtonCheck.jsp HTTP/1.1" 200 16
192.168.0.1 - - [15/Jun/2019:02:33:32 +0900] "GET /Codi/image/null/Codi_hun_20190615022035.jpg HTTP/1.1" 404 1129
192.168.0.1 - - [15/Jun/2019:02:33:32 +0900] "POST /Codi/BringRankDB.jsp HTTP/1.1" 200 729
192.168.0.1 - - [15/Jun/2019:02:33:32 +0900] "GET /Codi/image/null/Codi_hun_20190615022035.jpg HTTP/1.1" 404 1129
192.168.0.7 - - [15/Jun/2019:02:33:32 +0900] "POST /Codi/LikeButtonCheck.jsp HTTP/1.1" 200 16
192.168.0.1 - - [15/Jun/2019:02:33:32 +0900] "GET /Codi/image/null/Codi_hun_20190615022035.jpg HTTP/1.1" 404 1129
