192.168.0.1 - - [15/Jun/2019:02:33:33 +0900] "GET /Codi/image/null/Codi_hun_20190615022035.jpg HTTP/1.1" 404 1129
192.168.0.8 - - [15/Jun/2019:02:33:33 +0900] "POST /Codi/LikeButtonCheck.jsp HTTP/1.1" 200 16
192.168.0.7 - - [15/Jun/2019:02:33:33 +0900] "POST /Codi/LikeButtonCheck.jsp HTTP/1.1" 200 16
192.168.0.8 - - [15/Jun/2019:02:33:33 +0900] "POST /Codi/LikeButtonCheck.jsp HTTP/1.1" 200 16
192.168.0.8 - - [15/Jun/2019:02:33:33 +0900] "POST /Codi/LikeButtonCheck.jsp HTTP/1.1" 200 16
192.168.0.1 - - [15/Jun/2019:02:33:33 +0900] "GET /Codi/image/null/Codi_hun_20190615021935.jpg HTTP/1.1" 404 1129
192.168.0.1 - - [15/Jun/2019:02:33:33 +0900] "GET /Codi/image/null/Codi_hun_20190615021935.jpg HTTP/1.1" 404 1129
192.168.0.8 - - [15/Jun/2019:02:33:33 +0900] "POST /Codi/LikeButtonCheck.jsp HTTP/1.1" 200 17
192.168.0.7 - - [15/Jun/2019:02:33:33 +0900] "POST /Codi/LikeButtonCheck.jsp HTTP/1.1" 200 16
192.168.0.1 - - [15/Jun/2019:02:33:35 +0900] "POST /Codi/BringRankDB.jsp HTTP/1.1" 200 729
192.168.0.1 - - [15/Jun/2019:02:33:36 +0900] "POST /Codi/BringRankDB.jsp HTTP/1.1" 200 729
192.168.0.8 - - [15/Jun/2019:02:33:38 +0900] "POST /Codi/LikeFlag.jsp HTTP/1.1" 200 15
192.168.0.8 - - [15/Jun/2019:02:33:38 +0900] "POST /Codi/LikeButtonCheck.jsp HTTP/1.1" 200 17
192.168.0.1 - - [15/Jun/2019:02:33:38 +0900] "POST /Codi/BringRankDB.jsp HTTP/1.1" 200 729
192.168.0.1 - - [15/Jun/2019:02:33:38 +0900] "GET /Codi/image/null/Codi_hun_20190615022035.jpg HTTP/1.1" 404 1129
192.168.0.1 - - [15/Jun/2019:02:33:38 +0900] "GET /Codi/image/null/Codi_hun_20190615022035.jpg HTTP/1.1" 404 1129
192.168.0.8 - - [15/Jun/2019:02:33:38 +0900] "POST /Codi/LikeButtonCheck.jsp HTTP/1.1" 200 16
192.168.0.8 - - [15/Jun/2019:02:33:38 +0900] "POST /Codi/LikeButtonCheck.jsp HTTP/1.1" 200 16
192.168.0.8 - - [15/Jun/2019:02:33:38 +0900] "POST /Codi/LikeButtonCheck.jsp HTTP/1.1" 200 17
192.168.0.1 - - [15/Jun/2019:02:33:38 +0900] "GET /Codi/image/null/Codi_hun_20190615021935.jpg HTTP/1.1" 404 1129
192.168.0.1 - - [15/Jun/2019:02:33:38 +0900] "GET /Codi/image/null/Codi_hun_20190615021935.jpg HTTP/1.1" 404 1129
192.168.0.8 - - [15/Jun/2019:02:33:38 +0900] "POST /Codi/LikeButtonCheck.jsp HTTP/1.1" 200 17
192.168.0.1 - - [15/Jun/2019:02:33:40 +0900] "POST /Codi/BringRankDB.jsp HTTP/1.1" 200 729
192.168.0.1 - - [15/Jun/2019:02:33:41 +0900] "GET /Codi/image/null/Codi_hun_20190615022035.jpg HTTP/1.1" 404 1129
192.168.0.1 - - [15/Jun/2019:02:33:41 +0900] "GET /Codi/image/null/Codi_hun_20190615022035.jpg HTTP/1.1" 404 1129
192.168.0.7 - - [15/Jun/2019:02:33:41 +0900] "POST /Codi/bringBoard.jsp HTTP/1.1" 200 729
192.168.0.7 - - [15/Jun/2019:02:33:41 +0900] "POST /Codi/bringBoard.jsp HTTP/1.1" 200 734
192.168.0.7 - - [15/Jun/2019:02:33:41 +0900] "POST /Codi/bringBoard.jsp HTTP/1.1" 200 729
192.168.0.7 - - [15/Jun/2019:02:33:41 +0900] "POST /Codi/bringBoard.jsp HTTP/1.1" 200 734
192.168.0.7 - - [15/Jun/2019:02:33:41 +0900] "POST /Codi/bringBoard.jsp HTTP/1.1" 200 729
192.168.0.7 - - [15/Jun/2019:02:33:41 +0900] "POST /Codi/bringBoard.jsp HTTP/1.1" 200 1068
192.168.0.7 - - [15/Jun/2019:02:33:41 +0900] "POST /Codi/bringBoard.jsp HTTP/1.1" 200 729
192.168.0.7 - - [15/Jun/2019:02:33:41 +0900] "POST /Codi/bringBoard.jsp HTTP/1.1" 200 734
192.168.0.7 - - [15/Jun/2019:02:33:42 +0900] "POST /Codi/bringBoard.jsp HTTP/1.1" 200 1068
192.168.0.7 - - [15/Jun/2019:02:33:42 +0900] "POST /Codi/bringBoard.jsp HTTP/1.1" 200 729
192.168.0.7 - - [15/Jun/2019:02:33:42 +0900] "POST /Codi/bringBoard.jsp HTTP/1.1" 200 729
192.168.0.7 - - [15/Jun/2019:02:33:42 +0900] "POST /Codi/bringBoard.jsp HTTP/1.1" 200 734
192.168.0.1 - - [15/Jun/2019:02:33:42 +0900] "POST /Codi/BringRankDB.jsp HTTP/1.1" 200 729
192.168.0.1 - - [15/Jun/2019:02:33:42 +0900] "GET /Codi/image/null/Codi_hun_20190615022035.jpg HTTP/1.1" 404 1129
192.168.0.1 - - [15/Jun/2019:02:33:42 +0900] "GET /Codi/image/null/Codi_hun_20190615022035.jpg HTTP/1.1" 404 1129
192.168.0.7 - - [15/Jun/2019:02:33:42 +0900] "POST /Codi/LikeButtonCheck.jsp HTTP/1.1" 200 16
192.168.0.7 - - [15/Jun/2019:02:33:42 +0900] "POST /Codi/LikeButtonCheck.jsp HTTP/1.1" 200 16
192.168.0.7 - - [15/Jun/2019:02:33:42 +0900] "POST /Codi/LikeButtonCheck.jsp HTTP/1.1" 200 16
192.168.0.7 - - [15/Jun/2019:02:33:42 +0900] "POST /Codi/LikeButtonCheck.jsp HTTP/1.1" 200 17
192.168.0.1 - - [15/Jun/2019:02:33:42 +0900] "GET /Codi/image/null/Codi_hun_20190615021935.jpg HTTP/1.1" 404 1129
192.168.0.1 - - [15/Jun/2019:02:33:42 +0900] "GET /Codi/image/null/Codi_hun_20190615021935.jpg HTTP/1.1" 404 1129
192.168.0.1 - - [15/Jun/2019:02:33:44 +0900] "GET /Codi/image/null/Codi_hun_20190615022035.jpg HTTP/1.1" 404 1129
192.168.0.1 - - [15/Jun/2019:02:33:44 +0900] "GET /Codi/image/null/Codi_hun_20190615022035.jpg HTTP/1.1" 404 1129
192.168.0.1 - - [15/Jun/2019:02:33:44 +0900] "GET /Codi/image/null/Codi_hun_20190615021935.jpg HTTP/1.1" 404 1129
192.168.0.1 - - [15/Jun/2019:02:33:44 +0900] "GET /Codi/image/null/Codi_hun_20190615021935.jpg HTTP/1.1" 404 1129
192.168.0.8 - - [15/Jun/2019:02:33:44 +0900] "POST /Codi/bringBoard.jsp HTTP/1.1" 200 1068
192.168.0.8 - - [15/Jun/2019:02:33:44 +0900] "POST /Codi/bringBoard.jsp HTTP/1.1" 200 729
192.168.0.8 - - [15/Jun/2019:02:33:44 +0900] "POST /Codi/bringBoard.jsp HTTP/1.1" 200 729
192.168.0.8 - - [15/Jun/2019:02:33:44 +0900] "POST /Codi/bringBoard.jsp HTTP/1.1" 200 1068
192.168.0.1 - - [15/Jun/2019:02:33:44 +0900] "POST /Codi/BringRankDB.jsp HTTP/1.1" 200 729
192.168.0.1 - - [15/Jun/2019:02:33:44 +0900] "GET /Codi/image/null/Codi_hun_20190615022035.jpg HTTP/1.1" 404 1129
192.168.0.1 - - [15/Jun/2019:02:33:44 +0900] "GET /Codi/image/null/Codi_hun_20190615022035.jpg HTTP/1.1" 404 1129
192.168.0.8 - - [15/Jun/2019:02:33:44 +0900] "POST /Codi/LikeButtonCheck.jsp HTTP/1.1" 200 16
192.168.0.8 - - [15/Jun/2019:02:33:44 +0900] "POST /Codi/LikeButtonCheck.jsp HTTP/1.1" 200 16
192.168.0.8 - - [15/Jun/2019:02:33:44 +0900] "POST /Codi/LikeButtonCheck.jsp HTTP/1.1" 200 17
192.168.0.1 - - [15/Jun/2019:02:33:44 +0900] "GET /Codi/image/null/Codi_hun_20190615021935.jpg HTTP/1.1" 404 1129
192.168.0.1 - - [15/Jun/2019:02:33:44 +0900] "GET /Codi/image/null/Codi_hun_20190615021935.jpg HTTP/1.1" 404 1129
192.168.0.8 - - [15/Jun/2019:02:33:44 +0900] "POST /Codi/LikeButtonCheck.jsp HTTP/1.1" 200 17
192.168.0.8 - - [15/Jun/2019:02:33:45 +0900] "POST /Codi/LikeFlag.jsp HTTP/1.1" 200 15
192.168.0.8 - - [15/Jun/2019:02:33:45 +0900] "POST /Codi/LikeButtonCheck.jsp HTTP/1.1" 200 16
192.168.0.1 - - [15/Jun/2019:02:33:45 +0900] "POST /Codi/BringRankDB.jsp HTTP/1.1" 200 729
192.168.0.1 - - [15/Jun/2019:02:33:45 +0900] "GET /Codi/image/null/Codi_hun_20190615022035.jpg HTTP/1.1" 404 1129
192.168.0.1 - - [15/Jun/2019:02:33:45 +0900] "GET /Codi/image/null/Codi_hun_20190615022035.jpg HTTP/1.1" 404 1129
192.168.0.8 - - [15/Jun/2019:02:33:45 +0900] "POST /Codi/LikeButtonCheck.jsp HTTP/1.1" 200 16
192.168.0.8 - - [15/Jun/2019:02:33:45 +0900] "POST /Codi/LikeButtonCheck.jsp HTTP/1.1" 200 16
192.168.0.8 - - [15/Jun/2019:02:33:45 +0900] "POST /Codi/LikeButtonCheck.jsp HTTP/1.1" 200 16
192.168.0.1 - - [15/Jun/2019:02:33:45 +0900] "GET /Codi/image/null/Codi_hun_20190615021935.jpg HTTP/1.1" 404 1129
192.168.0.1 - - [15/Jun/2019:02:33:45 +0900] "GET /Codi/image/null/Codi_hun_20190615021935.jpg HTTP/1.1" 404 1129
192.168.0.8 - - [15/Jun/2019:02:33:45 +0900] "POST /Codi/LikeButtonCheck.jsp HTTP/1.1" 200 17
192.168.0.8 - - [15/Jun/2019:02:33:47 +0900] "POST /Codi/LikeFlag.jsp HTTP/1.1" 200 15
192.168.0.1 - - [15/Jun/2019:02:33:47 +0900] "GET /Codi/image/null/Codi_hun_20190615021935.jpg HTTP/1.1" 404 1129
192.168.0.1 - - [15/Jun/2019:02:33:47 +0900] "GET /Codi/image/null/Codi_hun_20190615021935.jpg HTTP/1.1" 404 1129
192.168.0.8 - - [15/Jun/2019:02:33:47 +0900] "POST /Codi/LikeButtonCheck.jsp HTTP/1.1" 200 16
192.168.0.1 - - [15/Jun/2019:02:33:48 +0900] "POST /Codi/BringRankDB.jsp HTTP/1.1" 200 729
192.168.0.1 - - [15/Jun/2019:02:33:48 +0900] "GET /Codi/image/null/Codi_hun_20190615022035.jpg HTTP/1.1" 404 1129
192.168.0.1 - - [15/Jun/2019:02:33:48 +0900] "GET /Codi/image/null/Codi_hun_20190615022035.jpg HTTP/1.1" 404 1129
192.168.0.8 - - [15/Jun/2019:02:33:48 +0900] "POST /Codi/LikeButtonCheck.jsp HTTP/1.1" 200 16
192.168.0.8 - - [15/Jun/2019:02:33:48 +0900] "POST /Codi/LikeButtonCheck.jsp HTTP/1.1" 200 16
192.168.0.8 - - [15/Jun/2019:02:33:48 +0900] "POST /Codi/LikeButtonCheck.jsp HTTP/1.1" 200 16
192.168.0.1 - - [15/Jun/2019:02:33:48 +0900] "GET /Codi/image/null/Codi_hun_20190615021935.jpg HTTP/1.1" 404 1129
192.168.0.1 - - [15/Jun/2019:02:33:48 +0900] "GET /Codi/image/null/Codi_hun_20190615021935.jpg HTTP/1.1" 404 1129
192.168.0.8 - - [15/Jun/2019:02:33:48 +0900] "POST /Codi/LikeButtonCheck.jsp HTTP/1.1" 200 16
192.168.0.1 - - [15/Jun/2019:02:33:48 +0900] "POST /Codi/BringRankDB.jsp HTTP/1.1" 200 897
192.168.0.7 - - [15/Jun/2019:02:33:48 +0900] "POST /Codi/LikeButtonCheck.jsp HTTP/1.1" 200 16
192.168.0.7 - - [15/Jun/2019:02:33:48 +0900] "POST /Codi/LikeButtonCheck.jsp HTTP/1.1" 200 16
192.168.0.7 - - [15/Jun/2019:02:33:48 +0900] "POST /Codi/LikeButtonCheck.jsp HTTP/1.1" 200 16
192.168.0.1 - - [15/Jun/2019:02:33:48 +0900] "GET /Codi/image/null/Codi_hun_20190615022035.jpg HTTP/1.1" 404 1129
192.168.0.1 - - [15/Jun/2019:02:33:48 +0900] "GET /Codi/image/null/Codi_hun_20190615022035.jpg HTTP/1.1" 404 1129
192.168.0.7 - - [15/Jun/2019:02:33:48 +0900] "POST /Codi/LikeButtonCheck.jsp HTTP/1.1" 200 16
192.168.0.1 - - [15/Jun/2019:02:33:51 +0900] "POST /Codi/BringRankDB.jsp HTTP/1.1" 200 897
192.168.0.1 - - [15/Jun/2019:02:33:52 +0900] "POST /Codi/BringRankDB.jsp HTTP/1.1" 200 897
192.168.0.1 - - [15/Jun/2019:02:33:54 +0900] "POST /Codi/BringRankDB.jsp HTTP/1.1" 200 729
192.168.0.1 - - [15/Jun/2019:02:33:57 +0900] "POST /Codi/BringRankDB.jsp HTTP/1.1" 200 897
192.168.0.1 - - [15/Jun/2019:02:33:59 +0900] "POST /Codi/BringRankDB.jsp HTTP/1.1" 200 897
192.168.0.1 - - [15/Jun/2019:02:34:02 +0900] "GET /Codi/image/null/Codi_hun_20190615022035.jpg HTTP/1.1" 404 1129
192.168.0.1 - - [15/Jun/2019:02:34:02 +0900] "GET /Codi/image/null/Codi_hun_20190615022035.jpg HTTP/1.1" 404 1129
192.168.0.1 - - [15/Jun/2019:02:34:02 +0900] "GET /Codi/image/null/Codi_hun_20190615021935.jpg HTTP/1.1" 404 1129
192.168.0.1 - - [15/Jun/2019:02:34:02 +0900] "GET /Codi/image/null/Codi_hun_20190615021935.jpg HTTP/1.1" 404 1129
192.168.0.8 - - [15/Jun/2019:02:34:02 +0900] "POST /Codi/bringBoard.jsp HTTP/1.1" 200 1068
192.168.0.8 - - [15/Jun/2019:02:34:02 +0900] "POST /Codi/bringBoard.jsp HTTP/1.1" 200 729
192.168.0.8 - - [15/Jun/2019:02:34:02 +0900] "POST /Codi/bringBoard.jsp HTTP/1.1" 200 729
192.168.0.8 - - [15/Jun/2019:02:34:02 +0900] "POST /Codi/bringBoard.jsp HTTP/1.1" 200 1068
192.168.0.1 - - [15/Jun/2019:02:34:02 +0900] "POST /Codi/BringRankDB.jsp HTTP/1.1" 200 897
192.168.0.8 - - [15/Jun/2019:02:34:02 +0900] "POST /Codi/LikeButtonCheck.jsp HTTP/1.1" 200 17
192.168.0.8 - - [15/Jun/2019:02:34:02 +0900] "POST /Codi/LikeButtonCheck.jsp HTTP/1.1" 200 16
192.168.0.8 - - [15/Jun/2019:02:34:02 +0900] "POST /Codi/LikeButtonCheck.jsp HTTP/1.1" 200 16
192.168.0.1 - - [15/Jun/2019:02:34:02 +0900] "GET /Codi/image/null/Codi_hun_20190615022035.jpg HTTP/1.1" 404 1129
192.168.0.1 - - [15/Jun/2019:02:34:02 +0900] "GET /Codi/image/null/Codi_hun_20190615022035.jpg HTTP/1.1" 404 1129
192.168.0.8 - - [15/Jun/2019:02:34:02 +0900] "POST /Codi/LikeButtonCheck.jsp HTTP/1.1" 200 16
192.168.0.1 - - [15/Jun/2019:02:34:05 +0900] "POST /Codi/BringRankDB.jsp HTTP/1.1" 200 897
192.168.0.7 - - [15/Jun/2019:02:34:06 +0900] "POST /Codi/LikeButtonCheck.jsp HTTP/1.1" 200 16
192.168.0.1 - - [15/Jun/2019:02:34:16 +0900] "GET //Codi/image/null/Codi_hun_20190615022035.jpg HTTP/1.1" 404 1134
192.168.0.1 - - [15/Jun/2019:02:34:16 +0900] "GET //Codi/image/null/Codi_hun_20190615022035.jpg HTTP/1.1" 404 1134
192.168.0.1 - - [15/Jun/2019:02:34:19 +0900] "GET //Codi/image/null/Codi_hun_20190615022035.jpg HTTP/1.1" 404 1134
192.168.0.1 - - [15/Jun/2019:02:34:19 +0900] "GET //Codi/image/null/Codi_hun_20190615022035.jpg HTTP/1.1" 404 1134
192.168.0.1 - - [15/Jun/2019:02:34:22 +0900] "GET /Codi/image/null/Codi_hun_20190615021935.jpg HTTP/1.1" 404 1129
192.168.0.1 - - [15/Jun/2019:02:34:22 +0900] "GET /Codi/image/null/Codi_hun_20190615022035.jpg HTTP/1.1" 404 1129
192.168.0.1 - - [15/Jun/2019:02:34:22 +0900] "GET /Codi/image/null/Codi_hun_20190615022035.jpg HTTP/1.1" 404 1129
192.168.0.1 - - [15/Jun/2019:02:34:22 +0900] "GET /Codi/image/null/Codi_hun_20190615021935.jpg HTTP/1.1" 404 1129
192.168.0.8 - - [15/Jun/2019:02:34:22 +0900] "POST /Codi/bringBoard.jsp HTTP/1.1" 200 1068
192.168.0.8 - - [15/Jun/2019:02:34:23 +0900] "POST /Codi/bringBoard.jsp HTTP/1.1" 200 729
192.168.0.8 - - [15/Jun/2019:02:34:23 +0900] "POST /Codi/bringBoard.jsp HTTP/1.1" 200 729
192.168.0.8 - - [15/Jun/2019:02:34:23 +0900] "POST /Codi/bringBoard.jsp HTTP/1.1" 200 1068
192.168.0.1 - - [15/Jun/2019:02:34:23 +0900] "POST /Codi/BringRankDB.jsp HTTP/1.1" 200 897
192.168.0.8 - - [15/Jun/2019:02:34:23 +0900] "POST /Codi/LikeButtonCheck.jsp HTTP/1.1" 200 17
192.168.0.8 - - [15/Jun/2019:02:34:23 +0900] "POST /Codi/LikeButtonCheck.jsp HTTP/1.1" 200 16
192.168.0.8 - - [15/Jun/2019:02:34:23 +0900] "POST /Codi/LikeButtonCheck.jsp HTTP/1.1" 200 16
192.168.0.1 - - [15/Jun/2019:02:34:23 +0900] "GET /Codi/image/null/Codi_hun_20190615022035.jpg HTTP/1.1" 404 1129
192.168.0.1 - - [15/Jun/2019:02:34:23 +0900] "GET /Codi/image/null/Codi_hun_20190615022035.jpg HTTP/1.1" 404 1129
192.168.0.8 - - [15/Jun/2019:02:34:23 +0900] "POST /Codi/LikeButtonCheck.jsp HTTP/1.1" 200 16
192.168.0.8 - - [15/Jun/2019:02:34:24 +0900] "POST /Codi/LikeButtonCheck.jsp HTTP/1.1" 200 17
192.168.0.1 - - [15/Jun/2019:02:34:25 +0900] "GET //Codi/image/null/Codi_hun_20190615022035.jpg HTTP/1.1" 404 1134
192.168.0.1 - - [15/Jun/2019:02:34:25 +0900] "GET //Codi/image/null/Codi_hun_20190615022035.jpg HTTP/1.1" 404 1134
192.168.0.1 - - [15/Jun/2019:02:34:32 +0900] "GET /Codi/image/null/Codi_hun_20190615022035.jpg HTTP/1.1" 404 1129
192.168.0.1 - - [15/Jun/2019:02:34:32 +0900] "GET /Codi/image/null/Codi_hun_20190615021935.jpg HTTP/1.1" 404 1129
192.168.0.1 - - [15/Jun/2019:02:34:32 +0900] "GET /Codi/image/null/Codi_hun_20190615021935.jpg HTTP/1.1" 404 1129
192.168.0.1 - - [15/Jun/2019:02:34:32 +0900] "GET /Codi/image/null/Codi_hun_20190615022035.jpg HTTP/1.1" 404 1129
192.168.0.8 - - [15/Jun/2019:02:34:32 +0900] "POST /Codi/bringBoard.jsp HTTP/1.1" 200 1068
192.168.0.8 - - [15/Jun/2019:02:34:32 +0900] "POST /Codi/bringBoard.jsp HTTP/1.1" 200 729
192.168.0.8 - - [15/Jun/2019:02:34:32 +0900] "POST /Codi/bringBoard.jsp HTTP/1.1" 200 729
192.168.0.8 - - [15/Jun/2019:02:34:32 +0900] "POST /Codi/bringBoard.jsp HTTP/1.1" 200 1068
192.168.0.1 - - [15/Jun/2019:02:34:32 +0900] "POST /Codi/BringRankDB.jsp HTTP/1.1" 200 897
192.168.0.8 - - [15/Jun/2019:02:34:32 +0900] "POST /Codi/LikeButtonCheck.jsp HTTP/1.1" 200 17
192.168.0.8 - - [15/Jun/2019:02:34:32 +0900] "POST /Codi/LikeButtonCheck.jsp HTTP/1.1" 200 16
192.168.0.8 - - [15/Jun/2019:02:34:32 +0900] "POST /Codi/LikeButtonCheck.jsp HTTP/1.1" 200 16
192.168.0.1 - - [15/Jun/2019:02:34:32 +0900] "GET /Codi/image/null/Codi_hun_20190615022035.jpg HTTP/1.1" 404 1129
192.168.0.1 - - [15/Jun/2019:02:34:33 +0900] "GET /Codi/image/null/Codi_hun_20190615022035.jpg HTTP/1.1" 404 1129
192.168.0.8 - - [15/Jun/2019:02:34:33 +0900] "POST /Codi/LikeButtonCheck.jsp HTTP/1.1" 200 16
192.168.0.8 - - [15/Jun/2019:02:34:34 +0900] "POST /Codi/bringBoard.jsp HTTP/1.1" 200 1068
192.168.0.8 - - [15/Jun/2019:02:34:34 +0900] "POST /Codi/bringBoard.jsp HTTP/1.1" 200 729
192.168.0.8 - - [15/Jun/2019:02:34:34 +0900] "POST /Codi/LikeButtonCheck.jsp HTTP/1.1" 200 17
192.168.0.8 - - [15/Jun/2019:02:34:34 +0900] "POST /Codi/LikeButtonCheck.jsp HTTP/1.1" 200 17
192.168.0.8 - - [15/Jun/2019:02:34:34 +0900] "POST /Codi/LikeButtonCheck.jsp HTTP/1.1" 200 17
192.168.0.8 - - [15/Jun/2019:02:34:34 +0900] "POST /Codi/LikeButtonCheck.jsp HTTP/1.1" 200 17
192.168.0.8 - - [15/Jun/2019:02:34:34 +0900] "POST /Codi/LikeButtonCheck.jsp HTTP/1.1" 200 17
192.168.0.8 - - [15/Jun/2019:02:34:34 +0900] "POST /Codi/LikeButtonCheck.jsp HTTP/1.1" 200 17
192.168.0.8 - - [15/Jun/2019:02:34:34 +0900] "POST /Codi/LikeButtonCheck.jsp HTTP/1.1" 200 17
192.168.0.8 - - [15/Jun/2019:02:34:34 +0900] "POST /Codi/LikeButtonCheck.jsp HTTP/1.1" 200 17
192.168.0.8 - - [15/Jun/2019:02:34:35 +0900] "POST /Codi/bringBoard.jsp HTTP/1.1" 200 734
192.168.0.8 - - [15/Jun/2019:02:34:35 +0900] "POST /Codi/LikeButtonCheck.jsp HTTP/1.1" 200 16
192.168.0.8 - - [15/Jun/2019:02:34:35 +0900] "POST /Codi/LikeButtonCheck.jsp HTTP/1.1" 200 16
192.168.0.8 - - [15/Jun/2019:02:34:35 +0900] "POST /Codi/LikeButtonCheck.jsp HTTP/1.1" 200 16
192.168.0.8 - - [15/Jun/2019:02:34:35 +0900] "POST /Codi/LikeButtonCheck.jsp HTTP/1.1" 200 17
192.168.0.8 - - [15/Jun/2019:02:34:40 +0900] "POST /Codi/bringBoard.jsp HTTP/1.1" 200 1068
192.168.0.8 - - [15/Jun/2019:02:34:40 +0900] "POST /Codi/LikeButtonCheck.jsp HTTP/1.1" 200 17
192.168.0.8 - - [15/Jun/2019:02:34:40 +0900] "POST /Codi/LikeButtonCheck.jsp HTTP/1.1" 200 17
192.168.0.8 - - [15/Jun/2019:02:34:40 +0900] "POST /Codi/LikeButtonCheck.jsp HTTP/1.1" 200 17
192.168.0.8 - - [15/Jun/2019:02:34:40 +0900] "POST /Codi/LikeButtonCheck.jsp HTTP/1.1" 200 17
192.168.0.8 - - [15/Jun/2019:02:34:48 +0900] "POST /Codi/bringBoard.jsp HTTP/1.1" 200 734
192.168.0.8 - - [15/Jun/2019:02:34:48 +0900] "POST /Codi/LikeButtonCheck.jsp HTTP/1.1" 200 16
192.168.0.8 - - [15/Jun/2019:02:34:48 +0900] "POST /Codi/LikeButtonCheck.jsp HTTP/1.1" 200 16
192.168.0.8 - - [15/Jun/2019:02:34:48 +0900] "POST /Codi/LikeButtonCheck.jsp HTTP/1.1" 200 16
192.168.0.8 - - [15/Jun/2019:02:34:48 +0900] "POST /Codi/LikeButtonCheck.jsp HTTP/1.1" 200 17
192.168.0.1 - - [15/Jun/2019:02:34:49 +0900] "GET /Codi/image/null/Codi_hun_20190615021935.jpg HTTP/1.1" 404 1129
192.168.0.1 - - [15/Jun/2019:02:34:49 +0900] "GET /Codi/image/null/Codi_hun_20190615022035.jpg HTTP/1.1" 404 1129
192.168.0.1 - - [15/Jun/2019:02:34:49 +0900] "GET /Codi/image/null/Codi_hun_20190615022035.jpg HTTP/1.1" 404 1129
192.168.0.1 - - [15/Jun/2019:02:34:49 +0900] "GET /Codi/image/null/Codi_hun_20190615021935.jpg HTTP/1.1" 404 1129
192.168.0.7 - - [15/Jun/2019:02:34:49 +0900] "POST /Codi/bringBoard.jsp HTTP/1.1" 200 729
192.168.0.7 - - [15/Jun/2019:02:34:49 +0900] "POST /Codi/bringBoard.jsp HTTP/1.1" 200 734
192.168.0.7 - - [15/Jun/2019:02:34:49 +0900] "POST /Codi/bringBoard.jsp HTTP/1.1" 200 729
192.168.0.7 - - [15/Jun/2019:02:34:49 +0900] "POST /Codi/bringBoard.jsp HTTP/1.1" 200 734
192.168.0.7 - - [15/Jun/2019:02:34:49 +0900] "POST /Codi/bringBoard.jsp HTTP/1.1" 200 729
192.168.0.7 - - [15/Jun/2019:02:34:49 +0900] "POST /Codi/bringBoard.jsp HTTP/1.1" 200 1068
192.168.0.7 - - [15/Jun/2019:02:34:49 +0900] "POST /Codi/bringBoard.jsp HTTP/1.1" 200 729
192.168.0.7 - - [15/Jun/2019:02:34:49 +0900] "POST /Codi/bringBoard.jsp HTTP/1.1" 200 734
192.168.0.7 - - [15/Jun/2019:02:34:49 +0900] "POST /Codi/bringBoard.jsp HTTP/1.1" 200 1068
192.168.0.7 - - [15/Jun/2019:02:34:49 +0900] "POST /Codi/bringBoard.jsp HTTP/1.1" 200 729
192.168.0.7 - - [15/Jun/2019:02:34:49 +0900] "POST /Codi/bringBoard.jsp HTTP/1.1" 200 729
192.168.0.7 - - [15/Jun/2019:02:34:49 +0900] "POST /Codi/bringBoard.jsp HTTP/1.1" 200 734
192.168.0.1 - - [15/Jun/2019:02:34:49 +0900] "POST /Codi/BringRankDB.jsp HTTP/1.1" 200 901
192.168.0.7 - - [15/Jun/2019:02:34:49 +0900] "POST /Codi/LikeButtonCheck.jsp HTTP/1.1" 200 16
192.168.0.7 - - [15/Jun/2019:02:34:49 +0900] "POST /Codi/LikeButtonCheck.jsp HTTP/1.1" 200 16
192.168.0.7 - - [15/Jun/2019:02:34:49 +0900] "POST /Codi/LikeButtonCheck.jsp HTTP/1.1" 200 16
192.168.0.7 - - [15/Jun/2019:02:34:49 +0900] "POST /Codi/LikeButtonCheck.jsp HTTP/1.1" 200 16
192.168.0.1 - - [15/Jun/2019:02:34:49 +0900] "POST /Codi/BringRankDB.jsp HTTP/1.1" 200 901
192.168.0.8 - - [15/Jun/2019:02:34:49 +0900] "POST /Codi/LikeButtonCheck.jsp HTTP/1.1" 200 17
192.168.0.8 - - [15/Jun/2019:02:34:49 +0900] "POST /Codi/LikeButtonCheck.jsp HTTP/1.1" 200 16
192.168.0.8 - - [15/Jun/2019:02:34:49 +0900] "POST /Codi/LikeButtonCheck.jsp HTTP/1.1" 200 16
192.168.0.8 - - [15/Jun/2019:02:34:50 +0900] "POST /Codi/LikeButtonCheck.jsp HTTP/1.1" 200 17
192.168.0.1 - - [15/Jun/2019:02:34:51 +0900] "POST /Codi/BringRankDB.jsp HTTP/1.1" 200 901
192.168.0.7 - - [15/Jun/2019:02:34:51 +0900] "POST /Codi/LikeButtonCheck.jsp HTTP/1.1" 200 16
192.168.0.8 - - [15/Jun/2019:02:34:51 +0900] "POST /Codi/LikeButtonCheck.jsp HTTP/1.1" 200 17
192.168.0.8 - - [15/Jun/2019:02:34:51 +0900] "POST /Codi/LikeButtonCheck.jsp HTTP/1.1" 200 16
192.168.0.8 - - [15/Jun/2019:02:34:51 +0900] "POST /Codi/LikeButtonCheck.jsp HTTP/1.1" 200 16
192.168.0.8 - - [15/Jun/2019:02:34:51 +0900] "POST /Codi/LikeButtonCheck.jsp HTTP/1.1" 200 17
192.168.0.1 - - [15/Jun/2019:02:34:53 +0900] "POST /Codi/BringRankDB.jsp HTTP/1.1" 200 901
192.168.0.1 - - [15/Jun/2019:02:34:53 +0900] "GET /Codi/image/null/Codi_hun_20190615022035.jpg HTTP/1.1" 404 1129
192.168.0.1 - - [15/Jun/2019:02:34:53 +0900] "GET /Codi/image/null/Codi_hun_20190615021935.jpg HTTP/1.1" 404 1129
192.168.0.1 - - [15/Jun/2019:02:34:53 +0900] "GET /Codi/image/null/Codi_hun_20190615022035.jpg HTTP/1.1" 404 1129
192.168.0.1 - - [15/Jun/2019:02:34:53 +0900] "GET /Codi/image/null/Codi_hun_20190615021935.jpg HTTP/1.1" 404 1129
192.168.0.8 - - [15/Jun/2019:02:34:53 +0900] "POST /Codi/bringBoard.jsp HTTP/1.1" 200 1068
192.168.0.8 - - [15/Jun/2019:02:34:53 +0900] "POST /Codi/bringBoard.jsp HTTP/1.1" 200 729
192.168.0.8 - - [15/Jun/2019:02:34:53 +0900] "POST /Codi/bringBoard.jsp HTTP/1.1" 200 729
192.168.0.8 - - [15/Jun/2019:02:34:53 +0900] "POST /Codi/bringBoard.jsp HTTP/1.1" 200 1068
192.168.0.8 - - [15/Jun/2019:02:34:53 +0900] "POST /Codi/bringBoard.jsp HTTP/1.1" 200 729
192.168.0.8 - - [15/Jun/2019:02:34:53 +0900] "POST /Codi/bringBoard.jsp HTTP/1.1" 200 734
192.168.0.1 - - [15/Jun/2019:02:34:53 +0900] "POST /Codi/BringRankDB.jsp HTTP/1.1" 200 901
192.168.0.8 - - [15/Jun/2019:02:34:53 +0900] "POST /Codi/LikeButtonCheck.jsp HTTP/1.1" 200 17
192.168.0.8 - - [15/Jun/2019:02:34:53 +0900] "POST /Codi/LikeButtonCheck.jsp HTTP/1.1" 200 16
192.168.0.8 - - [15/Jun/2019:02:34:53 +0900] "POST /Codi/LikeButtonCheck.jsp HTTP/1.1" 200 16
192.168.0.8 - - [15/Jun/2019:02:34:53 +0900] "POST /Codi/LikeButtonCheck.jsp HTTP/1.1" 200 17
192.168.0.1 - - [15/Jun/2019:02:34:55 +0900] "POST /Codi/BringRankDB.jsp HTTP/1.1" 200 396
192.168.0.1 - - [15/Jun/2019:02:34:55 +0900] "GET /Codi/image/null/Codi_hun_20190615022035.jpg HTTP/1.1" 404 1129
192.168.0.1 - - [15/Jun/2019:02:34:55 +0900] "GET /Codi/image/null/Codi_hun_20190615021935.jpg HTTP/1.1" 404 1129
192.168.0.1 - - [15/Jun/2019:02:34:56 +0900] "GET /Codi/image/null/Codi_hun_20190615022035.jpg HTTP/1.1" 404 1129
192.168.0.1 - - [15/Jun/2019:02:34:56 +0900] "GET /Codi/image/null/Codi_hun_20190615021935.jpg HTTP/1.1" 404 1129
192.168.0.8 - - [15/Jun/2019:02:34:56 +0900] "POST /Codi/bringBoard.jsp HTTP/1.1" 200 1068
192.168.0.8 - - [15/Jun/2019:02:34:56 +0900] "POST /Codi/bringBoard.jsp HTTP/1.1" 200 729
192.168.0.8 - - [15/Jun/2019:02:34:56 +0900] "POST /Codi/bringBoard.jsp HTTP/1.1" 200 729
192.168.0.8 - - [15/Jun/2019:02:34:56 +0900] "POST /Codi/bringBoard.jsp HTTP/1.1" 200 1068
192.168.0.8 - - [15/Jun/2019:02:34:56 +0900] "POST /Codi/bringBoard.jsp HTTP/1.1" 200 729
192.168.0.8 - - [15/Jun/2019:02:34:56 +0900] "POST /Codi/bringBoard.jsp HTTP/1.1" 200 734
192.168.0.1 - - [15/Jun/2019:02:34:56 +0900] "POST /Codi/BringRankDB.jsp HTTP/1.1" 200 901
192.168.0.8 - - [15/Jun/2019:02:34:56 +0900] "POST /Codi/LikeButtonCheck.jsp HTTP/1.1" 200 17
192.168.0.8 - - [15/Jun/2019:02:34:56 +0900] "POST /Codi/LikeButtonCheck.jsp HTTP/1.1" 200 16
192.168.0.8 - - [15/Jun/2019:02:34:56 +0900] "POST /Codi/LikeButtonCheck.jsp HTTP/1.1" 200 16
192.168.0.8 - - [15/Jun/2019:02:34:56 +0900] "POST /Codi/LikeButtonCheck.jsp HTTP/1.1" 200 17
192.168.0.8 - - [15/Jun/2019:02:34:57 +0900] "POST /Codi/LikeFlag.jsp HTTP/1.1" 200 15
192.168.0.8 - - [15/Jun/2019:02:34:57 +0900] "POST /Codi/LikeButtonCheck.jsp HTTP/1.1" 200 17
192.168.0.8 - - [15/Jun/2019:02:34:57 +0900] "POST /Codi/LikeButtonCheck.jsp HTTP/1.1" 200 16
192.168.0.1 - - [15/Jun/2019:02:34:57 +0900] "POST /Codi/BringRankDB.jsp HTTP/1.1" 200 901
192.168.0.8 - - [15/Jun/2019:02:34:57 +0900] "POST /Codi/LikeButtonCheck.jsp HTTP/1.1" 200 16
192.168.0.8 - - [15/Jun/2019:02:34:57 +0900] "POST /Codi/LikeButtonCheck.jsp HTTP/1.1" 200 17
192.168.0.8 - - [15/Jun/2019:02:34:57 +0900] "POST /Codi/LikeButtonCheck.jsp HTTP/1.1" 200 16
192.168.0.8 - - [15/Jun/2019:02:34:57 +0900] "POST /Codi/LikeButtonCheck.jsp HTTP/1.1" 200 16
192.168.0.8 - - [15/Jun/2019:02:34:58 +0900] "POST /Codi/LikeButtonCheck.jsp HTTP/1.1" 200 17
192.168.0.1 - - [15/Jun/2019:02:34:59 +0900] "POST /Codi/BringRankDB.jsp HTTP/1.1" 200 901
192.168.0.7 - - [15/Jun/2019:02:35:00 +0900] "POST /Codi/LikeButtonCheck.jsp HTTP/1.1" 200 16
192.168.0.7 - - [15/Jun/2019:02:35:00 +0900] "POST /Codi/LikeButtonCheck.jsp HTTP/1.1" 200 16
192.168.0.8 - - [15/Jun/2019:02:35:00 +0900] "POST /Codi/bringBoard.jsp HTTP/1.1" 200 1068
192.168.0.8 - - [15/Jun/2019:02:35:00 +0900] "POST /Codi/bringBoard.jsp HTTP/1.1" 200 729
192.168.0.7 - - [15/Jun/2019:02:35:00 +0900] "POST /Codi/LikeButtonCheck.jsp HTTP/1.1" 200 16
192.168.0.8 - - [15/Jun/2019:02:35:00 +0900] "POST /Codi/bringBoard.jsp HTTP/1.1" 200 729
192.168.0.8 - - [15/Jun/2019:02:35:00 +0900] "POST /Codi/bringBoard.jsp HTTP/1.1" 200 1068
192.168.0.7 - - [15/Jun/2019:02:35:00 +0900] "POST /Codi/LikeButtonCheck.jsp HTTP/1.1" 200 16
192.168.0.8 - - [15/Jun/2019:02:35:00 +0900] "POST /Codi/bringBoard.jsp HTTP/1.1" 200 729
192.168.0.8 - - [15/Jun/2019:02:35:00 +0900] "POST /Codi/bringBoard.jsp HTTP/1.1" 200 734
192.168.0.1 - - [15/Jun/2019:02:35:00 +0900] "POST /Codi/BringRankDB.jsp HTTP/1.1" 200 901
192.168.0.8 - - [15/Jun/2019:02:35:00 +0900] "POST /Codi/LikeButtonCheck.jsp HTTP/1.1" 200 16
192.168.0.8 - - [15/Jun/2019:02:35:00 +0900] "POST /Codi/LikeButtonCheck.jsp HTTP/1.1" 200 17
192.168.0.8 - - [15/Jun/2019:02:35:00 +0900] "POST /Codi/LikeButtonCheck.jsp HTTP/1.1" 200 16
192.168.0.8 - - [15/Jun/2019:02:35:00 +0900] "POST /Codi/LikeButtonCheck.jsp HTTP/1.1" 200 16
192.168.0.8 - - [15/Jun/2019:02:35:01 +0900] "POST /Codi/LikeFlag.jsp HTTP/1.1" 200 15
192.168.0.8 - - [15/Jun/2019:02:35:01 +0900] "POST /Codi/LikeButtonCheck.jsp HTTP/1.1" 200 17
192.168.0.8 - - [15/Jun/2019:02:35:02 +0900] "POST /Codi/LikeButtonCheck.jsp HTTP/1.1" 200 16
192.168.0.1 - - [15/Jun/2019:02:35:02 +0900] "POST /Codi/BringRankDB.jsp HTTP/1.1" 200 901
192.168.0.8 - - [15/Jun/2019:02:35:02 +0900] "POST /Codi/LikeButtonCheck.jsp HTTP/1.1" 200 16
192.168.0.8 - - [15/Jun/2019:02:35:02 +0900] "POST /Codi/LikeButtonCheck.jsp HTTP/1.1" 200 16
192.168.0.8 - - [15/Jun/2019:02:35:02 +0900] "POST /Codi/LikeButtonCheck.jsp HTTP/1.1" 200 16
192.168.0.8 - - [15/Jun/2019:02:35:02 +0900] "POST /Codi/LikeButtonCheck.jsp HTTP/1.1" 200 16
192.168.0.1 - - [15/Jun/2019:02:35:02 +0900] "POST /Codi/BringRankDB.jsp HTTP/1.1" 200 396
192.168.0.8 - - [15/Jun/2019:02:35:03 +0900] "POST /Codi/LikeButtonCheck.jsp HTTP/1.1" 200 17
192.168.0.8 - - [15/Jun/2019:02:35:04 +0900] "POST /Codi/LikeFlag.jsp HTTP/1.1" 200 15
192.168.0.8 - - [15/Jun/2019:02:35:04 +0900] "POST /Codi/LikeButtonCheck.jsp HTTP/1.1" 200 16
192.168.0.1 - - [15/Jun/2019:02:35:04 +0900] "POST /Codi/BringRankDB.jsp HTTP/1.1" 200 901
192.168.0.8 - - [15/Jun/2019:02:35:04 +0900] "POST /Codi/LikeButtonCheck.jsp HTTP/1.1" 200 16
192.168.0.8 - - [15/Jun/2019:02:35:04 +0900] "POST /Codi/LikeButtonCheck.jsp HTTP/1.1" 200 16
192.168.0.8 - - [15/Jun/2019:02:35:04 +0900] "POST /Codi/LikeButtonCheck.jsp HTTP/1.1" 200 16
192.168.0.8 - - [15/Jun/2019:02:35:04 +0900] "POST /Codi/LikeButtonCheck.jsp HTTP/1.1" 200 16
192.168.0.1 - - [15/Jun/2019:02:35:06 +0900] "POST /Codi/BringRankDB.jsp HTTP/1.1" 200 396
192.168.0.1 - - [15/Jun/2019:02:44:40 +0900] "POST /Codi/BringRankDB.jsp HTTP/1.1" 200 901
192.168.0.7 - - [15/Jun/2019:02:44:40 +0900] "POST /Codi/LikeButtonCheck.jsp HTTP/1.1" 200 16
192.168.0.7 - - [15/Jun/2019:02:44:40 +0900] "POST /Codi/LikeButtonCheck.jsp HTTP/1.1" 200 16
192.168.0.7 - - [15/Jun/2019:02:44:40 +0900] "POST /Codi/LikeButtonCheck.jsp HTTP/1.1" 200 16
192.168.0.7 - - [15/Jun/2019:02:44:40 +0900] "POST /Codi/LikeButtonCheck.jsp HTTP/1.1" 200 16
192.168.0.1 - - [15/Jun/2019:02:45:33 +0900] "POST /Codi/BringRankDB.jsp HTTP/1.1" 200 901
192.168.0.7 - - [15/Jun/2019:02:45:34 +0900] "POST /Codi/LikeButtonCheck.jsp HTTP/1.1" 200 16
192.168.0.7 - - [15/Jun/2019:02:45:34 +0900] "POST /Codi/LikeButtonCheck.jsp HTTP/1.1" 200 16
192.168.0.7 - - [15/Jun/2019:02:45:34 +0900] "POST /Codi/LikeButtonCheck.jsp HTTP/1.1" 200 16
192.168.0.7 - - [15/Jun/2019:02:45:34 +0900] "POST /Codi/LikeButtonCheck.jsp HTTP/1.1" 200 16
192.168.0.7 - - [15/Jun/2019:02:45:35 +0900] "POST /Codi/bringBoard.jsp HTTP/1.1" 200 1068
192.168.0.7 - - [15/Jun/2019:02:45:36 +0900] "POST /Codi/bringBoard.jsp HTTP/1.1" 200 729
192.168.0.7 - - [15/Jun/2019:02:45:36 +0900] "POST /Codi/LikeButtonCheck.jsp HTTP/1.1" 200 17
192.168.0.7 - - [15/Jun/2019:02:45:36 +0900] "POST /Codi/LikeButtonCheck.jsp HTTP/1.1" 200 16
192.168.0.7 - - [15/Jun/2019:02:45:37 +0900] "POST /Codi/LikeButtonCheck.jsp HTTP/1.1" 200 17
192.168.0.7 - - [15/Jun/2019:02:45:37 +0900] "POST /Codi/LikeButtonCheck.jsp HTTP/1.1" 200 17
192.168.0.7 - - [15/Jun/2019:02:45:37 +0900] "POST /Codi/LikeButtonCheck.jsp HTTP/1.1" 200 16
192.168.0.7 - - [15/Jun/2019:02:45:37 +0900] "POST /Codi/LikeButtonCheck.jsp HTTP/1.1" 200 17
192.168.0.7 - - [15/Jun/2019:02:45:37 +0900] "POST /Codi/LikeButtonCheck.jsp HTTP/1.1" 200 17
192.168.0.7 - - [15/Jun/2019:02:45:37 +0900] "POST /Codi/LikeButtonCheck.jsp HTTP/1.1" 200 16
192.168.0.7 - - [15/Jun/2019:02:45:40 +0900] "POST /Codi/bringBoard.jsp HTTP/1.1" 200 1068
192.168.0.7 - - [15/Jun/2019:02:45:41 +0900] "POST /Codi/bringBoard.jsp HTTP/1.1" 200 729
192.168.0.7 - - [15/Jun/2019:02:45:41 +0900] "POST /Codi/LikeButtonCheck.jsp HTTP/1.1" 200 17
192.168.0.7 - - [15/Jun/2019:02:45:41 +0900] "POST /Codi/LikeButtonCheck.jsp HTTP/1.1" 200 16
192.168.0.7 - - [15/Jun/2019:02:45:41 +0900] "POST /Codi/LikeButtonCheck.jsp HTTP/1.1" 200 17
192.168.0.7 - - [15/Jun/2019:02:45:41 +0900] "POST /Codi/LikeButtonCheck.jsp HTTP/1.1" 200 17
192.168.0.7 - - [15/Jun/2019:02:45:41 +0900] "POST /Codi/LikeButtonCheck.jsp HTTP/1.1" 200 16
192.168.0.7 - - [15/Jun/2019:02:45:41 +0900] "POST /Codi/LikeButtonCheck.jsp HTTP/1.1" 200 17
192.168.0.7 - - [15/Jun/2019:02:45:41 +0900] "POST /Codi/LikeButtonCheck.jsp HTTP/1.1" 200 17
192.168.0.7 - - [15/Jun/2019:02:45:41 +0900] "POST /Codi/LikeButtonCheck.jsp HTTP/1.1" 200 16
192.168.0.7 - - [15/Jun/2019:02:45:42 +0900] "POST /Codi/LikeButtonCheck.jsp HTTP/1.1" 200 16
192.168.0.7 - - [15/Jun/2019:02:45:42 +0900] "POST /Codi/LikeButtonCheck.jsp HTTP/1.1" 200 16
192.168.0.7 - - [15/Jun/2019:02:45:44 +0900] "POST /Codi/bringBoard.jsp HTTP/1.1" 200 734
192.168.0.7 - - [15/Jun/2019:02:45:44 +0900] "POST /Codi/LikeButtonCheck.jsp HTTP/1.1" 200 16
192.168.0.7 - - [15/Jun/2019:02:45:44 +0900] "POST /Codi/LikeButtonCheck.jsp HTTP/1.1" 200 16
192.168.0.7 - - [15/Jun/2019:02:45:45 +0900] "POST /Codi/LikeButtonCheck.jsp HTTP/1.1" 200 17
192.168.0.7 - - [15/Jun/2019:02:45:45 +0900] "POST /Codi/LikeButtonCheck.jsp HTTP/1.1" 200 17
192.168.0.7 - - [15/Jun/2019:02:46:02 +0900] "POST /Codi/imagetest.jsp HTTP/1.1" 200 29
192.168.0.7 - - [15/Jun/2019:02:46:02 +0900] "POST /Codi/bringBoard.jsp HTTP/1.1" 200 1068
192.168.0.7 - - [15/Jun/2019:02:46:02 +0900] "POST /Codi/bringBoard.jsp HTTP/1.1" 200 729
192.168.0.7 - - [15/Jun/2019:02:46:02 +0900] "POST /Codi/bringBoard.jsp HTTP/1.1" 200 729
192.168.0.7 - - [15/Jun/2019:02:46:02 +0900] "POST /Codi/bringBoard.jsp HTTP/1.1" 200 899
192.168.0.7 - - [15/Jun/2019:02:46:03 +0900] "POST /Codi/LikeButtonCheck.jsp HTTP/1.1" 200 16
192.168.0.7 - - [15/Jun/2019:02:46:03 +0900] "POST /Codi/LikeButtonCheck.jsp HTTP/1.1" 200 17
192.168.0.7 - - [15/Jun/2019:02:46:03 +0900] "POST /Codi/LikeButtonCheck.jsp HTTP/1.1" 200 17
192.168.0.7 - - [15/Jun/2019:02:46:03 +0900] "POST /Codi/LikeButtonCheck.jsp HTTP/1.1" 200 16
192.168.0.7 - - [15/Jun/2019:02:46:03 +0900] "POST /Codi/LikeButtonCheck.jsp HTTP/1.1" 200 17
192.168.0.7 - - [15/Jun/2019:02:46:03 +0900] "POST /Codi/LikeButtonCheck.jsp HTTP/1.1" 200 16
192.168.0.7 - - [15/Jun/2019:02:46:03 +0900] "POST /Codi/LikeButtonCheck.jsp HTTP/1.1" 200 16
192.168.0.1 - - [15/Jun/2019:02:46:03 +0900] "GET /Codi/image/self/Codi_hun_20190615024603.png HTTP/1.1" 200 222501
192.168.0.7 - - [15/Jun/2019:02:46:03 +0900] "POST /Codi/LikeButtonCheck.jsp HTTP/1.1" 200 17
192.168.0.7 - - [15/Jun/2019:02:46:05 +0900] "POST /Codi/LikeButtonCheck.jsp HTTP/1.1" 200 17
192.168.0.7 - - [15/Jun/2019:02:46:08 +0900] "POST /Codi/bringBoard.jsp HTTP/1.1" 200 1068
192.168.0.7 - - [15/Jun/2019:02:46:08 +0900] "POST /Codi/LikeButtonCheck.jsp HTTP/1.1" 200 17
192.168.0.7 - - [15/Jun/2019:02:46:08 +0900] "POST /Codi/LikeButtonCheck.jsp HTTP/1.1" 200 16
192.168.0.7 - - [15/Jun/2019:02:46:08 +0900] "POST /Codi/LikeButtonCheck.jsp HTTP/1.1" 200 17
192.168.0.7 - - [15/Jun/2019:02:46:08 +0900] "POST /Codi/LikeButtonCheck.jsp HTTP/1.1" 200 17
192.168.0.7 - - [15/Jun/2019:02:46:09 +0900] "POST /Codi/LikeButtonCheck.jsp HTTP/1.1" 200 16
192.168.0.7 - - [15/Jun/2019:02:46:09 +0900] "POST /Codi/LikeButtonCheck.jsp HTTP/1.1" 200 16
192.168.0.1 - - [15/Jun/2019:02:47:00 +0900] "POST /Codi/BringRankDB.jsp HTTP/1.1" 200 901
192.168.0.8 - - [15/Jun/2019:02:47:00 +0900] "POST /Codi/LikeButtonCheck.jsp HTTP/1.1" 200 16
192.168.0.8 - - [15/Jun/2019:02:47:00 +0900] "POST /Codi/LikeButtonCheck.jsp HTTP/1.1" 200 16
192.168.0.8 - - [15/Jun/2019:02:47:00 +0900] "POST /Codi/LikeButtonCheck.jsp HTTP/1.1" 200 16
192.168.0.8 - - [15/Jun/2019:02:47:01 +0900] "POST /Codi/LikeButtonCheck.jsp HTTP/1.1" 200 16
192.168.0.8 - - [15/Jun/2019:02:47:31 +0900] "POST /Codi/bringBoard.jsp HTTP/1.1" 200 1068
192.168.0.8 - - [15/Jun/2019:02:47:31 +0900] "POST /Codi/bringBoard.jsp HTTP/1.1" 200 729
192.168.0.8 - - [15/Jun/2019:02:47:31 +0900] "POST /Codi/LikeButtonCheck.jsp HTTP/1.1" 200 17
192.168.0.8 - - [15/Jun/2019:02:47:31 +0900] "POST /Codi/LikeButtonCheck.jsp HTTP/1.1" 200 17
192.168.0.8 - - [15/Jun/2019:02:47:31 +0900] "POST /Codi/LikeButtonCheck.jsp HTTP/1.1" 200 17
192.168.0.8 - - [15/Jun/2019:02:47:31 +0900] "POST /Codi/LikeButtonCheck.jsp HTTP/1.1" 200 17
192.168.0.8 - - [15/Jun/2019:02:47:31 +0900] "POST /Codi/LikeButtonCheck.jsp HTTP/1.1" 200 17
192.168.0.8 - - [15/Jun/2019:02:47:31 +0900] "POST /Codi/LikeButtonCheck.jsp HTTP/1.1" 200 17
192.168.0.8 - - [15/Jun/2019:02:47:31 +0900] "POST /Codi/LikeButtonCheck.jsp HTTP/1.1" 200 17
192.168.0.8 - - [15/Jun/2019:02:47:31 +0900] "POST /Codi/LikeButtonCheck.jsp HTTP/1.1" 200 16
192.168.0.8 - - [15/Jun/2019:02:47:33 +0900] "POST /Codi/bringBoard.jsp HTTP/1.1" 200 899
192.168.0.8 - - [15/Jun/2019:02:47:33 +0900] "POST /Codi/LikeButtonCheck.jsp HTTP/1.1" 200 17
192.168.0.1 - - [15/Jun/2019:02:47:33 +0900] "GET /Codi/image/self/Codi_hun_20190615024603.png HTTP/1.1" 200 222501
192.168.0.8 - - [15/Jun/2019:02:47:33 +0900] "POST /Codi/LikeButtonCheck.jsp HTTP/1.1" 200 16
192.168.0.8 - - [15/Jun/2019:02:47:34 +0900] "POST /Codi/LikeButtonCheck.jsp HTTP/1.1" 200 16
192.168.0.8 - - [15/Jun/2019:02:47:34 +0900] "POST /Codi/LikeButtonCheck.jsp HTTP/1.1" 200 16
192.168.0.8 - - [15/Jun/2019:02:48:07 +0900] "POST /Codi/imagetest.jsp HTTP/1.1" 200 29
192.168.0.8 - - [15/Jun/2019:02:48:07 +0900] "POST /Codi/bringBoard.jsp HTTP/1.1" 200 1068
192.168.0.8 - - [15/Jun/2019:02:48:07 +0900] "POST /Codi/bringBoard.jsp HTTP/1.1" 200 917
192.168.0.8 - - [15/Jun/2019:02:48:07 +0900] "POST /Codi/bringBoard.jsp HTTP/1.1" 200 899
192.168.0.8 - - [15/Jun/2019:02:48:07 +0900] "POST /Codi/LikeButtonCheck.jsp HTTP/1.1" 200 17
192.168.0.8 - - [15/Jun/2019:02:48:07 +0900] "POST /Codi/LikeButtonCheck.jsp HTTP/1.1" 200 17
192.168.0.8 - - [15/Jun/2019:02:48:07 +0900] "POST /Codi/LikeButtonCheck.jsp HTTP/1.1" 200 17
192.168.0.8 - - [15/Jun/2019:02:48:07 +0900] "POST /Codi/LikeButtonCheck.jsp HTTP/1.1" 200 17
192.168.0.8 - - [15/Jun/2019:02:48:08 +0900] "POST /Codi/LikeButtonCheck.jsp HTTP/1.1" 200 17
192.168.0.1 - - [15/Jun/2019:02:48:08 +0900] "GET /Codi/image/hippop/Codi_jong_20190615024802.jpg HTTP/1.1" 200 4655740
192.168.0.8 - - [15/Jun/2019:02:48:08 +0900] "POST /Codi/LikeButtonCheck.jsp HTTP/1.1" 200 17
192.168.0.8 - - [15/Jun/2019:02:48:08 +0900] "POST /Codi/LikeButtonCheck.jsp HTTP/1.1" 200 17
192.168.0.8 - - [15/Jun/2019:02:48:08 +0900] "POST /Codi/LikeButtonCheck.jsp HTTP/1.1" 200 17
192.168.0.8 - - [15/Jun/2019:02:48:08 +0900] "POST /Codi/LikeButtonCheck.jsp HTTP/1.1" 200 17
192.168.0.8 - - [15/Jun/2019:02:48:08 +0900] "POST /Codi/LikeButtonCheck.jsp HTTP/1.1" 200 16
192.168.0.8 - - [15/Jun/2019:02:48:08 +0900] "POST /Codi/LikeButtonCheck.jsp HTTP/1.1" 200 16
192.168.0.8 - - [15/Jun/2019:02:48:08 +0900] "POST /Codi/LikeButtonCheck.jsp HTTP/1.1" 200 16
192.168.0.1 - - [15/Jun/2019:02:48:11 +0900] "GET //Codi/image/hippop/Codi_jong_20190615024802.jpg HTTP/1.1" 200 4655740
192.168.0.8 - - [15/Jun/2019:02:48:14 +0900] "POST /Codi/bringBoard.jsp HTTP/1.1" 200 1068
192.168.0.8 - - [15/Jun/2019:02:48:14 +0900] "POST /Codi/bringBoard.jsp HTTP/1.1" 200 917
192.168.0.8 - - [15/Jun/2019:02:48:14 +0900] "POST /Codi/bringBoard.jsp HTTP/1.1" 200 899
192.168.0.8 - - [15/Jun/2019:02:48:14 +0900] "POST /Codi/LikeButtonCheck.jsp HTTP/1.1" 200 17
192.168.0.8 - - [15/Jun/2019:02:48:14 +0900] "POST /Codi/LikeButtonCheck.jsp HTTP/1.1" 200 17
192.168.0.8 - - [15/Jun/2019:02:48:14 +0900] "POST /Codi/LikeButtonCheck.jsp HTTP/1.1" 200 17
192.168.0.8 - - [15/Jun/2019:02:48:14 +0900] "POST /Codi/LikeButtonCheck.jsp HTTP/1.1" 200 17
192.168.0.8 - - [15/Jun/2019:02:48:14 +0900] "POST /Codi/LikeButtonCheck.jsp HTTP/1.1" 200 17
192.168.0.8 - - [15/Jun/2019:02:48:14 +0900] "POST /Codi/LikeButtonCheck.jsp HTTP/1.1" 200 17
192.168.0.8 - - [15/Jun/2019:02:48:14 +0900] "POST /Codi/LikeButtonCheck.jsp HTTP/1.1" 200 17
192.168.0.8 - - [15/Jun/2019:02:48:14 +0900] "POST /Codi/LikeButtonCheck.jsp HTTP/1.1" 200 17
192.168.0.8 - - [15/Jun/2019:02:48:14 +0900] "POST /Codi/LikeButtonCheck.jsp HTTP/1.1" 200 17
192.168.0.8 - - [15/Jun/2019:02:48:14 +0900] "POST /Codi/LikeButtonCheck.jsp HTTP/1.1" 200 16
192.168.0.8 - - [15/Jun/2019:02:48:14 +0900] "POST /Codi/LikeButtonCheck.jsp HTTP/1.1" 200 16
192.168.0.8 - - [15/Jun/2019:02:48:14 +0900] "POST /Codi/LikeButtonCheck.jsp HTTP/1.1" 200 16
192.168.0.8 - - [15/Jun/2019:02:48:15 +0900] "POST /Codi/LikeFlag.jsp HTTP/1.1" 200 15
192.168.0.8 - - [15/Jun/2019:02:48:16 +0900] "POST /Codi/LikeButtonCheck.jsp HTTP/1.1" 200 16
192.168.0.8 - - [15/Jun/2019:02:48:16 +0900] "POST /Codi/LikeButtonCheck.jsp HTTP/1.1" 200 16
192.168.0.1 - - [15/Jun/2019:02:48:20 +0900] "POST /Codi/BringRankDB.jsp HTTP/1.1" 200 901
192.168.0.8 - - [15/Jun/2019:02:48:20 +0900] "POST /Codi/LikeButtonCheck.jsp HTTP/1.1" 200 16
192.168.0.8 - - [15/Jun/2019:02:48:20 +0900] "POST /Codi/LikeButtonCheck.jsp HTTP/1.1" 200 16
192.168.0.8 - - [15/Jun/2019:02:48:20 +0900] "POST /Codi/LikeButtonCheck.jsp HTTP/1.1" 200 16
192.168.0.8 - - [15/Jun/2019:02:48:20 +0900] "POST /Codi/LikeButtonCheck.jsp HTTP/1.1" 200 16
192.168.0.8 - - [15/Jun/2019:02:48:21 +0900] "POST /Codi/LikeButtonCheck.jsp HTTP/1.1" 200 16
192.168.0.1 - - [15/Jun/2019:02:48:24 +0900] "POST /Codi/BringRankDB.jsp HTTP/1.1" 200 749
192.168.0.1 - - [15/Jun/2019:02:48:28 +0900] "POST /Codi/BringRankDB.jsp HTTP/1.1" 200 901
192.168.0.1 - - [15/Jun/2019:02:48:32 +0900] "POST /Codi/BringRankDB.jsp HTTP/1.1" 200 901
192.168.0.1 - - [15/Jun/2019:02:48:33 +0900] "POST /Codi/BringRankDB.jsp HTTP/1.1" 200 901
192.168.0.8 - - [15/Jun/2019:02:48:36 +0900] "POST /Codi/bringBoard.jsp HTTP/1.1" 200 1068
192.168.0.8 - - [15/Jun/2019:02:48:36 +0900] "POST /Codi/bringBoard.jsp HTTP/1.1" 200 917
192.168.0.8 - - [15/Jun/2019:02:48:36 +0900] "POST /Codi/LikeButtonCheck.jsp HTTP/1.1" 200 17
192.168.0.8 - - [15/Jun/2019:02:48:36 +0900] "POST /Codi/LikeButtonCheck.jsp HTTP/1.1" 200 17
192.168.0.8 - - [15/Jun/2019:02:48:36 +0900] "POST /Codi/LikeButtonCheck.jsp HTTP/1.1" 200 17
192.168.0.8 - - [15/Jun/2019:02:48:36 +0900] "POST /Codi/LikeButtonCheck.jsp HTTP/1.1" 200 17
192.168.0.8 - - [15/Jun/2019:02:48:36 +0900] "POST /Codi/LikeButtonCheck.jsp HTTP/1.1" 200 16
192.168.0.8 - - [15/Jun/2019:02:48:36 +0900] "POST /Codi/LikeButtonCheck.jsp HTTP/1.1" 200 17
192.168.0.8 - - [15/Jun/2019:02:48:37 +0900] "POST /Codi/LikeButtonCheck.jsp HTTP/1.1" 200 17
192.168.0.8 - - [15/Jun/2019:02:48:37 +0900] "POST /Codi/LikeButtonCheck.jsp HTTP/1.1" 200 17
192.168.0.8 - - [15/Jun/2019:02:48:37 +0900] "POST /Codi/bringBoard.jsp HTTP/1.1" 200 1068
192.168.0.8 - - [15/Jun/2019:02:48:37 +0900] "POST /Codi/bringBoard.jsp HTTP/1.1" 200 917
192.168.0.8 - - [15/Jun/2019:02:48:37 +0900] "POST /Codi/LikeButtonCheck.jsp HTTP/1.1" 200 17
192.168.0.8 - - [15/Jun/2019:02:48:37 +0900] "POST /Codi/LikeButtonCheck.jsp HTTP/1.1" 200 17
192.168.0.8 - - [15/Jun/2019:02:48:37 +0900] "POST /Codi/LikeButtonCheck.jsp HTTP/1.1" 200 17
192.168.0.8 - - [15/Jun/2019:02:48:37 +0900] "POST /Codi/LikeButtonCheck.jsp HTTP/1.1" 200 17
192.168.0.8 - - [15/Jun/2019:02:48:37 +0900] "POST /Codi/LikeButtonCheck.jsp HTTP/1.1" 200 16
192.168.0.8 - - [15/Jun/2019:02:48:37 +0900] "POST /Codi/LikeButtonCheck.jsp HTTP/1.1" 200 17
192.168.0.8 - - [15/Jun/2019:02:48:37 +0900] "POST /Codi/LikeButtonCheck.jsp HTTP/1.1" 200 17
192.168.0.8 - - [15/Jun/2019:02:48:37 +0900] "POST /Codi/LikeButtonCheck.jsp HTTP/1.1" 200 17
192.168.0.8 - - [15/Jun/2019:02:48:38 +0900] "POST /Codi/bringBoard.jsp HTTP/1.1" 200 899
192.168.0.8 - - [15/Jun/2019:02:48:38 +0900] "POST /Codi/LikeButtonCheck.jsp HTTP/1.1" 200 17
192.168.0.8 - - [15/Jun/2019:02:48:38 +0900] "POST /Codi/LikeButtonCheck.jsp HTTP/1.1" 200 16
192.168.0.8 - - [15/Jun/2019:02:48:38 +0900] "POST /Codi/LikeButtonCheck.jsp HTTP/1.1" 200 16
192.168.0.8 - - [15/Jun/2019:02:48:38 +0900] "POST /Codi/LikeButtonCheck.jsp HTTP/1.1" 200 16
192.168.0.8 - - [15/Jun/2019:02:48:42 +0900] "POST /Codi/bringBoard.jsp HTTP/1.1" 200 1068
192.168.0.8 - - [15/Jun/2019:02:48:42 +0900] "POST /Codi/LikeButtonCheck.jsp HTTP/1.1" 200 17
192.168.0.8 - - [15/Jun/2019:02:48:42 +0900] "POST /Codi/LikeButtonCheck.jsp HTTP/1.1" 200 17
192.168.0.8 - - [15/Jun/2019:02:48:42 +0900] "POST /Codi/LikeButtonCheck.jsp HTTP/1.1" 200 17
192.168.0.8 - - [15/Jun/2019:02:48:42 +0900] "POST /Codi/LikeButtonCheck.jsp HTTP/1.1" 200 17
192.168.0.8 - - [15/Jun/2019:02:48:46 +0900] "POST /Codi/bringBoard.jsp HTTP/1.1" 200 1068
192.168.0.8 - - [15/Jun/2019:02:48:46 +0900] "POST /Codi/bringBoard.jsp HTTP/1.1" 200 917
192.168.0.8 - - [15/Jun/2019:02:48:46 +0900] "POST /Codi/bringBoard.jsp HTTP/1.1" 200 1068
192.168.0.8 - - [15/Jun/2019:02:48:46 +0900] "POST /Codi/bringBoard.jsp HTTP/1.1" 200 917
192.168.0.8 - - [15/Jun/2019:02:48:46 +0900] "POST /Codi/bringBoard.jsp HTTP/1.1" 200 917
192.168.0.8 - - [15/Jun/2019:02:48:46 +0900] "POST /Codi/bringBoard.jsp HTTP/1.1" 200 899
192.168.0.8 - - [15/Jun/2019:02:48:46 +0900] "POST /Codi/bringBoard.jsp HTTP/1.1" 200 1068
192.168.0.8 - - [15/Jun/2019:02:48:46 +0900] "POST /Codi/LikeButtonCheck.jsp HTTP/1.1" 200 16
192.168.0.8 - - [15/Jun/2019:02:48:46 +0900] "POST /Codi/LikeButtonCheck.jsp HTTP/1.1" 200 17
192.168.0.8 - - [15/Jun/2019:02:48:46 +0900] "POST /Codi/LikeButtonCheck.jsp HTTP/1.1" 200 17
192.168.0.8 - - [15/Jun/2019:02:48:46 +0900] "POST /Codi/LikeButtonCheck.jsp HTTP/1.1" 200 17
192.168.0.8 - - [15/Jun/2019:02:48:46 +0900] "POST /Codi/LikeButtonCheck.jsp HTTP/1.1" 200 17
192.168.0.8 - - [15/Jun/2019:02:48:47 +0900] "POST /Codi/LikeButtonCheck.jsp HTTP/1.1" 200 16
192.168.0.8 - - [15/Jun/2019:02:48:47 +0900] "POST /Codi/LikeButtonCheck.jsp HTTP/1.1" 200 16
192.168.0.8 - - [15/Jun/2019:02:48:47 +0900] "POST /Codi/LikeButtonCheck.jsp HTTP/1.1" 200 16
192.168.0.8 - - [15/Jun/2019:02:48:47 +0900] "POST /Codi/LikeButtonCheck.jsp HTTP/1.1" 200 17
192.168.0.8 - - [15/Jun/2019:02:48:47 +0900] "POST /Codi/LikeButtonCheck.jsp HTTP/1.1" 200 17
192.168.0.8 - - [15/Jun/2019:02:48:47 +0900] "POST /Codi/LikeButtonCheck.jsp HTTP/1.1" 200 17
192.168.0.8 - - [15/Jun/2019:02:48:47 +0900] "POST /Codi/LikeButtonCheck.jsp HTTP/1.1" 200 17
192.168.0.8 - - [15/Jun/2019:02:48:48 +0900] "POST /Codi/LikeButtonCheck.jsp HTTP/1.1" 200 16
192.168.0.1 - - [15/Jun/2019:02:48:54 +0900] "POST /Codi/BringRankDB.jsp HTTP/1.1" 200 901
192.168.0.8 - - [15/Jun/2019:02:48:54 +0900] "POST /Codi/LikeButtonCheck.jsp HTTP/1.1" 200 16
192.168.0.8 - - [15/Jun/2019:02:48:54 +0900] "POST /Codi/LikeButtonCheck.jsp HTTP/1.1" 200 16
192.168.0.8 - - [15/Jun/2019:02:48:54 +0900] "POST /Codi/LikeButtonCheck.jsp HTTP/1.1" 200 16
192.168.0.8 - - [15/Jun/2019:02:48:54 +0900] "POST /Codi/LikeButtonCheck.jsp HTTP/1.1" 200 16
192.168.0.8 - - [15/Jun/2019:02:48:59 +0900] "POST /Codi/bringBoard.jsp HTTP/1.1" 200 1068
192.168.0.8 - - [15/Jun/2019:02:48:59 +0900] "POST /Codi/bringBoard.jsp HTTP/1.1" 200 917
192.168.0.8 - - [15/Jun/2019:02:48:59 +0900] "POST /Codi/bringBoard.jsp HTTP/1.1" 200 1068
192.168.0.8 - - [15/Jun/2019:02:48:59 +0900] "POST /Codi/bringBoard.jsp HTTP/1.1" 200 917
192.168.0.8 - - [15/Jun/2019:02:48:59 +0900] "POST /Codi/bringBoard.jsp HTTP/1.1" 200 917
192.168.0.8 - - [15/Jun/2019:02:48:59 +0900] "POST /Codi/bringBoard.jsp HTTP/1.1" 200 1068
192.168.0.1 - - [15/Jun/2019:02:48:59 +0900] "POST /Codi/BringRankDB.jsp HTTP/1.1" 200 901
192.168.0.8 - - [15/Jun/2019:02:48:59 +0900] "POST /Codi/LikeButtonCheck.jsp HTTP/1.1" 200 10
192.168.0.8 - - [15/Jun/2019:02:48:59 +0900] "POST /Codi/LikeButtonCheck.jsp HTTP/1.1" 200 10
192.168.0.8 - - [15/Jun/2019:02:48:59 +0900] "POST /Codi/LikeButtonCheck.jsp HTTP/1.1" 200 10
192.168.0.8 - - [15/Jun/2019:02:48:59 +0900] "POST /Codi/LikeButtonCheck.jsp HTTP/1.1" 200 10
192.168.0.8 - - [15/Jun/2019:02:49:02 +0900] "POST /Codi/bringBoard.jsp HTTP/1.1" 200 1068
192.168.0.8 - - [15/Jun/2019:02:49:02 +0900] "POST /Codi/bringBoard.jsp HTTP/1.1" 200 917
192.168.0.8 - - [15/Jun/2019:02:49:02 +0900] "POST /Codi/bringBoard.jsp HTTP/1.1" 200 1068
192.168.0.8 - - [15/Jun/2019:02:49:02 +0900] "POST /Codi/bringBoard.jsp HTTP/1.1" 200 917
192.168.0.8 - - [15/Jun/2019:02:49:02 +0900] "POST /Codi/bringBoard.jsp HTTP/1.1" 200 917
192.168.0.8 - - [15/Jun/2019:02:49:02 +0900] "POST /Codi/bringBoard.jsp HTTP/1.1" 200 1068
192.168.0.1 - - [15/Jun/2019:02:49:02 +0900] "POST /Codi/BringRankDB.jsp HTTP/1.1" 200 901
192.168.0.8 - - [15/Jun/2019:02:49:02 +0900] "POST /Codi/LikeButtonCheck.jsp HTTP/1.1" 200 10
192.168.0.8 - - [15/Jun/2019:02:49:02 +0900] "POST /Codi/LikeButtonCheck.jsp HTTP/1.1" 200 10
192.168.0.8 - - [15/Jun/2019:02:49:02 +0900] "POST /Codi/LikeButtonCheck.jsp HTTP/1.1" 200 10
192.168.0.8 - - [15/Jun/2019:02:49:02 +0900] "POST /Codi/LikeButtonCheck.jsp HTTP/1.1" 200 10
192.168.0.1 - - [15/Jun/2019:02:49:05 +0900] "POST /Codi/BringRankDB.jsp HTTP/1.1" 200 901
192.168.0.8 - - [15/Jun/2019:02:49:05 +0900] "POST /Codi/LikeButtonCheck.jsp HTTP/1.1" 200 10
192.168.0.1 - - [15/Jun/2019:02:49:08 +0900] "POST /Codi/BringRankDB.jsp HTTP/1.1" 200 901
192.168.0.1 - - [15/Jun/2019:02:49:10 +0900] "POST /Codi/BringRankDB.jsp HTTP/1.1" 200 749
192.168.0.8 - - [15/Jun/2019:02:49:13 +0900] "POST /Codi/bringBoard.jsp HTTP/1.1" 200 1068
192.168.0.8 - - [15/Jun/2019:02:49:13 +0900] "POST /Codi/bringBoard.jsp HTTP/1.1" 200 917
192.168.0.8 - - [15/Jun/2019:02:49:13 +0900] "POST /Codi/LikeButtonCheck.jsp HTTP/1.1" 200 10
192.168.0.8 - - [15/Jun/2019:02:49:13 +0900] "POST /Codi/LikeButtonCheck.jsp HTTP/1.1" 200 10
192.168.0.8 - - [15/Jun/2019:02:49:13 +0900] "POST /Codi/LikeButtonCheck.jsp HTTP/1.1" 200 10
192.168.0.8 - - [15/Jun/2019:02:49:14 +0900] "POST /Codi/LikeButtonCheck.jsp HTTP/1.1" 200 10
192.168.0.8 - - [15/Jun/2019:02:49:14 +0900] "POST /Codi/LikeButtonCheck.jsp HTTP/1.1" 200 10
192.168.0.8 - - [15/Jun/2019:02:49:14 +0900] "POST /Codi/LikeButtonCheck.jsp HTTP/1.1" 200 10
192.168.0.8 - - [15/Jun/2019:02:49:14 +0900] "POST /Codi/LikeButtonCheck.jsp HTTP/1.1" 200 10
192.168.0.8 - - [15/Jun/2019:02:49:14 +0900] "POST /Codi/LikeButtonCheck.jsp HTTP/1.1" 200 10
192.168.0.8 - - [15/Jun/2019:02:49:15 +0900] "POST /Codi/LikeButtonCheck.jsp HTTP/1.1" 200 10
192.168.0.8 - - [15/Jun/2019:02:49:15 +0900] "POST /Codi/LikeButtonCheck.jsp HTTP/1.1" 200 10
192.168.0.8 - - [15/Jun/2019:02:49:17 +0900] "POST /Codi/bringBoard.jsp HTTP/1.1" 200 899
192.168.0.8 - - [15/Jun/2019:02:49:17 +0900] "POST /Codi/LikeButtonCheck.jsp HTTP/1.1" 200 10
192.168.0.8 - - [15/Jun/2019:02:49:17 +0900] "POST /Codi/LikeButtonCheck.jsp HTTP/1.1" 200 10
192.168.0.8 - - [15/Jun/2019:02:49:17 +0900] "POST /Codi/LikeButtonCheck.jsp HTTP/1.1" 200 10
192.168.0.8 - - [15/Jun/2019:02:49:17 +0900] "POST /Codi/LikeButtonCheck.jsp HTTP/1.1" 200 10
192.168.0.8 - - [15/Jun/2019:02:49:17 +0900] "POST /Codi/LikeButtonCheck.jsp HTTP/1.1" 200 10
192.168.0.8 - - [15/Jun/2019:02:49:19 +0900] "POST /Codi/LikeButtonCheck.jsp HTTP/1.1" 200 10
192.168.0.8 - - [15/Jun/2019:02:49:22 +0900] "POST /Codi/bringBoard.jsp HTTP/1.1" 200 1068
192.168.0.8 - - [15/Jun/2019:02:49:22 +0900] "POST /Codi/bringBoard.jsp HTTP/1.1" 200 917
192.168.0.8 - - [15/Jun/2019:02:49:22 +0900] "POST /Codi/bringBoard.jsp HTTP/1.1" 200 1068
192.168.0.8 - - [15/Jun/2019:02:49:22 +0900] "POST /Codi/bringBoard.jsp HTTP/1.1" 200 917
192.168.0.8 - - [15/Jun/2019:02:49:22 +0900] "POST /Codi/bringBoard.jsp HTTP/1.1" 200 917
192.168.0.8 - - [15/Jun/2019:02:49:22 +0900] "POST /Codi/bringBoard.jsp HTTP/1.1" 200 1068
192.168.0.8 - - [15/Jun/2019:02:49:22 +0900] "POST /Codi/bringBoard.jsp HTTP/1.1" 200 917
192.168.0.8 - - [15/Jun/2019:02:49:22 +0900] "POST /Codi/bringBoard.jsp HTTP/1.1" 200 899
192.168.0.8 - - [15/Jun/2019:02:49:22 +0900] "POST /Codi/LikeButtonCheck.jsp HTTP/1.1" 200 10
192.168.0.8 - - [15/Jun/2019:02:49:22 +0900] "POST /Codi/LikeButtonCheck.jsp HTTP/1.1" 200 10
192.168.0.8 - - [15/Jun/2019:02:49:22 +0900] "POST /Codi/LikeButtonCheck.jsp HTTP/1.1" 200 10
